[Warning] Fused window process have not been installed. Please refer to get_started.md for installation.
[Warning] Fused window process have not been installed. Please refer to get_started.md for installation.
[Warning] Fused window process have not been installed. Please refer to get_started.md for installation.
[Warning] Fused window process have not been installed. Please refer to get_started.md for installation.
[Warning] Fused window process have not been installed. Please refer to get_started.md for installation.
Using Pytorch  for DW-Conv
[Warning] Fused window process have not been installed. Please refer to get_started.md for installation.
[Warning] Fused window process have not been installed. Please refer to get_started.md for installation.
/home/jxzhu/HrNet/model/pvt_v2.py:332: UserWarning: Overwriting pvt_v2_b0 in registry with model.pvt_v2.pvt_v2_b0. This is because the name being registered conflicts with an existing name. Please check if this is not expected.
  def pvt_v2_b0(pretrained=False, **kwargs):
/home/jxzhu/HrNet/model/pvt_v2.py:343: UserWarning: Overwriting pvt_v2_b1 in registry with model.pvt_v2.pvt_v2_b1. This is because the name being registered conflicts with an existing name. Please check if this is not expected.
  def pvt_v2_b1(pretrained=False, **kwargs):
/home/jxzhu/HrNet/model/pvt_v2.py:354: UserWarning: Overwriting pvt_v2_b2 in registry with model.pvt_v2.pvt_v2_b2. This is because the name being registered conflicts with an existing name. Please check if this is not expected.
  def pvt_v2_b2(pretrained=False, **kwargs):
/home/jxzhu/HrNet/model/pvt_v2.py:364: UserWarning: Overwriting pvt_v2_b3 in registry with model.pvt_v2.pvt_v2_b3. This is because the name being registered conflicts with an existing name. Please check if this is not expected.
  def pvt_v2_b3(pretrained=False, **kwargs):
/home/jxzhu/HrNet/model/pvt_v2.py:375: UserWarning: Overwriting pvt_v2_b4 in registry with model.pvt_v2.pvt_v2_b4. This is because the name being registered conflicts with an existing name. Please check if this is not expected.
  def pvt_v2_b4(pretrained=False, **kwargs):
/home/jxzhu/HrNet/model/pvt_v2.py:386: UserWarning: Overwriting pvt_v2_b5 in registry with model.pvt_v2.pvt_v2_b5. This is because the name being registered conflicts with an existing name. Please check if this is not expected.
  def pvt_v2_b5(pretrained=False, **kwargs):
/home/jxzhu/HrNet/model/pvt_v2.py:397: UserWarning: Overwriting pvt_v2_b2_li in registry with model.pvt_v2.pvt_v2_b2_li. This is because the name being registered conflicts with an existing name. Please check if this is not expected.
  def pvt_v2_b2_li(pretrained=False, **kwargs):
Namespace(device='cuda:1', data_path='/home/jxzhu/HrNet/data1', fixed_size=[672, 672], num_joints=29, output_dir='/home/jxzhu/NewNet/weight1', resume='', start_epoch=0, epochs=200, lr_steps=[170, 200], lr_gamma=0.1, lr=0.001, weight_decay=0.0001, batch_size=6, amp=False)
Using cuda device training.
/home/jxzhu/.conda/envs/PCTT/lib/python3.10/site-packages/torch/nn/functional.py:3769: UserWarning: nn.functional.upsample is deprecated. Use nn.functional.interpolate instead.
  warnings.warn("nn.functional.upsample is deprecated. Use nn.functional.interpolate instead.")
Epoch: [0]  [  0/152]  eta: 0:11:32  lr: 0.000008  loss: 505.2694 (505.2694)  time: 4.5534  data: 2.8399  max mem: 0
Epoch: [0]  [100/152]  eta: 0:03:13  lr: 0.000669  loss: 155.2077 (206.8675)  time: 3.4654  data: 2.5116  max mem: 0
Epoch: [0]  [151/152]  eta: 0:00:03  lr: 0.001000  loss: 152.1878 (189.0107)  time: 3.0201  data: 2.0696  max mem: 0
Epoch: [0] Total time: 0:08:51 (3.4942 s / it)
  [  0/171]  eta: 0:01:44    time: 0.6109  data: 0.3393  max mem: 0
  [ 80/171]  eta: 0:00:42    time: 0.5060  data: 0.4589  max mem: 0
  [160/171]  eta: 0:00:05    time: 0.4555  data: 0.4081  max mem: 0
  [170/171]  eta: 0:00:00    time: 0.4719  data: 0.4249  max mem: 0
 Total time: 0:01:18 (0.4614 s / it)
tensor(4.8261, device='cuda:1', dtype=torch.float64)
Epoch: [1]  [  0/152]  eta: 0:08:12  lr: 0.001000  loss: 152.1878 (152.1878)  time: 3.2399  data: 2.2860  max mem: 0
Epoch: [1]  [100/152]  eta: 0:03:07  lr: 0.001000  loss: 148.6532 (150.2600)  time: 3.5771  data: 2.6222  max mem: 0
Epoch: [1]  [151/152]  eta: 0:00:03  lr: 0.001000  loss: 148.4741 (149.7991)  time: 3.0407  data: 2.0945  max mem: 0
Epoch: [1] Total time: 0:08:42 (3.4395 s / it)
  [  0/171]  eta: 0:01:09    time: 0.4068  data: 0.3597  max mem: 0
  [ 80/171]  eta: 0:00:42    time: 0.5043  data: 0.4573  max mem: 0
  [160/171]  eta: 0:00:04    time: 0.4175  data: 0.3707  max mem: 0
  [170/171]  eta: 0:00:00    time: 0.4452  data: 0.3983  max mem: 0
 Total time: 0:01:16 (0.4452 s / it)
tensor(2.4382, device='cuda:1', dtype=torch.float64)
Epoch: [2]  [  0/152]  eta: 0:07:14  lr: 0.001000  loss: 149.2256 (149.2256)  time: 2.8611  data: 1.9072  max mem: 0
Epoch: [2]  [100/152]  eta: 0:03:02  lr: 0.001000  loss: 147.7001 (148.4218)  time: 3.5508  data: 2.5967  max mem: 0
Epoch: [2]  [151/152]  eta: 0:00:03  lr: 0.001000  loss: 147.5466 (148.2280)  time: 2.8918  data: 1.9458  max mem: 0
Epoch: [2] Total time: 0:08:32 (3.3696 s / it)
  [  0/171]  eta: 0:01:09    time: 0.4045  data: 0.3576  max mem: 0
  [ 80/171]  eta: 0:00:40    time: 0.4793  data: 0.4324  max mem: 0
  [160/171]  eta: 0:00:04    time: 0.4576  data: 0.4088  max mem: 0
  [170/171]  eta: 0:00:00    time: 0.4835  data: 0.4347  max mem: 0
 Total time: 0:01:16 (0.4473 s / it)
tensor(2.4114, device='cuda:1', dtype=torch.float64)
Epoch: [3]  [  0/152]  eta: 0:07:11  lr: 0.001000  loss: 148.4357 (148.4357)  time: 2.8384  data: 1.8823  max mem: 0
Epoch: [3]  [100/152]  eta: 0:03:00  lr: 0.001000  loss: 147.2755 (147.6559)  time: 3.5627  data: 2.6083  max mem: 0
Epoch: [3]  [151/152]  eta: 0:00:03  lr: 0.001000  loss: 147.2089 (147.5842)  time: 3.0285  data: 2.0820  max mem: 0
Epoch: [3] Total time: 0:08:26 (3.3339 s / it)
  [  0/171]  eta: 0:01:08    time: 0.4005  data: 0.3535  max mem: 0
  [ 80/171]  eta: 0:00:37    time: 0.4311  data: 0.3842  max mem: 0
  [160/171]  eta: 0:00:04    time: 0.4021  data: 0.3553  max mem: 0
  [170/171]  eta: 0:00:00    time: 0.4303  data: 0.3835  max mem: 0
 Total time: 0:01:09 (0.4076 s / it)
tensor(2.2321, device='cuda:1', dtype=torch.float64)
Epoch: [4]  [  0/152]  eta: 0:07:59  lr: 0.001000  loss: 148.1300 (148.1300)  time: 3.1521  data: 2.1971  max mem: 0
Epoch: [4]  [100/152]  eta: 0:02:59  lr: 0.001000  loss: 147.1537 (147.4183)  time: 3.3597  data: 2.4053  max mem: 0
Epoch: [4]  [151/152]  eta: 0:00:03  lr: 0.001000  loss: 147.0546 (147.3698)  time: 2.9164  data: 1.9696  max mem: 0
Epoch: [4] Total time: 0:08:21 (3.2967 s / it)
  [  0/171]  eta: 0:01:03    time: 0.3732  data: 0.3261  max mem: 0
  [ 80/171]  eta: 0:00:38    time: 0.4519  data: 0.4049  max mem: 0
  [160/171]  eta: 0:00:04    time: 0.4255  data: 0.3786  max mem: 0
  [170/171]  eta: 0:00:00    time: 0.4491  data: 0.4022  max mem: 0
 Total time: 0:01:11 (0.4201 s / it)
tensor(2.3022, device='cuda:1', dtype=torch.float64)
Epoch: [5]  [  0/152]  eta: 0:07:23  lr: 0.001000  loss: 147.9776 (147.9776)  time: 2.9208  data: 1.9657  max mem: 0
Epoch: [5]  [100/152]  eta: 0:02:54  lr: 0.001000  loss: 147.0651 (147.3002)  time: 3.3603  data: 2.4054  max mem: 0
Epoch: [5]  [151/152]  eta: 0:00:03  lr: 0.001000  loss: 146.9932 (147.2682)  time: 2.9159  data: 1.9691  max mem: 0
Epoch: [5] Total time: 0:08:11 (3.2326 s / it)
  [  0/171]  eta: 0:01:03    time: 0.3699  data: 0.3229  max mem: 0
  [ 80/171]  eta: 0:00:38    time: 0.4509  data: 0.4040  max mem: 0
  [160/171]  eta: 0:00:04    time: 0.4258  data: 0.3788  max mem: 0
  [170/171]  eta: 0:00:00    time: 0.4494  data: 0.4025  max mem: 0
 Total time: 0:01:11 (0.4184 s / it)
tensor(2.2945, device='cuda:1', dtype=torch.float64)
Epoch: [6]  [  0/152]  eta: 0:07:20  lr: 0.001000  loss: 147.9180 (147.9180)  time: 2.8975  data: 1.9428  max mem: 0
Epoch: [6]  [100/152]  eta: 0:03:03  lr: 0.001000  loss: 146.8996 (147.1605)  time: 3.7280  data: 2.7722  max mem: 0
Epoch: [6]  [151/152]  eta: 0:00:03  lr: 0.001000  loss: 147.0075 (147.1508)  time: 2.9284  data: 1.9819  max mem: 0
Epoch: [6] Total time: 0:08:30 (3.3563 s / it)
  [  0/171]  eta: 0:01:04    time: 0.3751  data: 0.3281  max mem: 0
  [ 80/171]  eta: 0:00:38    time: 0.4502  data: 0.4033  max mem: 0
  [160/171]  eta: 0:00:04    time: 0.4306  data: 0.3831  max mem: 0
  [170/171]  eta: 0:00:00    time: 0.4510  data: 0.4040  max mem: 0
 Total time: 0:01:11 (0.4204 s / it)
tensor(2.2948, device='cuda:1', dtype=torch.float64)
Epoch: [7]  [  0/152]  eta: 0:07:25  lr: 0.001000  loss: 147.9090 (147.9090)  time: 2.9290  data: 1.9749  max mem: 0
Epoch: [7]  [100/152]  eta: 0:02:56  lr: 0.001000  loss: 146.8996 (147.1278)  time: 3.5395  data: 2.5849  max mem: 0
Epoch: [7]  [151/152]  eta: 0:00:03  lr: 0.001000  loss: 146.8463 (147.0976)  time: 2.9303  data: 1.9836  max mem: 0
Epoch: [7] Total time: 0:08:15 (3.2592 s / it)
  [  0/171]  eta: 0:01:06    time: 0.3861  data: 0.3391  max mem: 0
  [ 80/171]  eta: 0:00:38    time: 0.4579  data: 0.4110  max mem: 0
  [160/171]  eta: 0:00:04    time: 0.4899  data: 0.4429  max mem: 0
  [170/171]  eta: 0:00:00    time: 0.5106  data: 0.4637  max mem: 0
 Total time: 0:01:18 (0.4562 s / it)
tensor(2.3309, device='cuda:1', dtype=torch.float64)
Epoch: [8]  [  0/152]  eta: 0:08:25  lr: 0.001000  loss: 147.8171 (147.8171)  time: 3.3276  data: 2.3719  max mem: 0
Epoch: [8]  [100/152]  eta: 0:03:01  lr: 0.001000  loss: 146.7550 (147.0216)  time: 3.3195  data: 2.3649  max mem: 0
Epoch: [8]  [151/152]  eta: 0:00:03  lr: 0.001000  loss: 146.8392 (146.9880)  time: 3.3018  data: 2.3542  max mem: 0
Epoch: [8] Total time: 0:08:41 (3.4281 s / it)
  [  0/171]  eta: 0:01:12    time: 0.4250  data: 0.3780  max mem: 0
  [ 80/171]  eta: 0:00:43    time: 0.5095  data: 0.4624  max mem: 0
  [160/171]  eta: 0:00:05    time: 0.4850  data: 0.4380  max mem: 0
  [170/171]  eta: 0:00:00    time: 0.5073  data: 0.4603  max mem: 0
 Total time: 0:01:22 (0.4804 s / it)
tensor(2.3063, device='cuda:1', dtype=torch.float64)
Epoch: [9]  [  0/152]  eta: 0:08:06  lr: 0.001000  loss: 147.6992 (147.6992)  time: 3.2038  data: 2.2479  max mem: 0
Epoch: [9]  [100/152]  eta: 0:03:00  lr: 0.001000  loss: 146.7428 (146.9547)  time: 3.3562  data: 2.4014  max mem: 0
Epoch: [9]  [151/152]  eta: 0:00:03  lr: 0.001000  loss: 146.7511 (146.9236)  time: 2.9132  data: 1.9667  max mem: 0
Epoch: [9] Total time: 0:08:21 (3.3022 s / it)
  [  0/171]  eta: 0:01:04    time: 0.3782  data: 0.3311  max mem: 0
  [ 80/171]  eta: 0:00:38    time: 0.4487  data: 0.4018  max mem: 0
  [160/171]  eta: 0:00:04    time: 0.4274  data: 0.3804  max mem: 0
  [170/171]  eta: 0:00:00    time: 0.4518  data: 0.4048  max mem: 0
 Total time: 0:01:11 (0.4206 s / it)
tensor(2.2971, device='cuda:1', dtype=torch.float64)
Epoch: [10]  [  0/152]  eta: 0:07:23  lr: 0.001000  loss: 147.6030 (147.6030)  time: 2.9151  data: 1.9605  max mem: 0
Epoch: [10]  [100/152]  eta: 0:03:12  lr: 0.001000  loss: 146.6204 (146.9072)  time: 3.7634  data: 2.8081  max mem: 0
Epoch: [10]  [151/152]  eta: 0:00:03  lr: 0.001000  loss: 146.5969 (146.8610)  time: 2.9327  data: 1.9858  max mem: 0
Epoch: [10] Total time: 0:08:57 (3.5357 s / it)
  [  0/171]  eta: 0:01:04    time: 0.3756  data: 0.3284  max mem: 0
  [ 80/171]  eta: 0:00:38    time: 0.4514  data: 0.4045  max mem: 0
  [160/171]  eta: 0:00:04    time: 0.4354  data: 0.3885  max mem: 0
  [170/171]  eta: 0:00:00    time: 0.4566  data: 0.4097  max mem: 0
 Total time: 0:01:12 (0.4248 s / it)
tensor(2.4453, device='cuda:1', dtype=torch.float64)
Epoch: [11]  [  0/152]  eta: 0:07:26  lr: 0.001000  loss: 147.4954 (147.4954)  time: 2.9382  data: 1.9826  max mem: 0
Epoch: [11]  [100/152]  eta: 0:03:06  lr: 0.001000  loss: 146.6181 (146.8096)  time: 3.5124  data: 2.5568  max mem: 0
Epoch: [11]  [151/152]  eta: 0:00:03  lr: 0.001000  loss: 146.5906 (146.7895)  time: 2.9205  data: 1.9735  max mem: 0
Epoch: [11] Total time: 0:08:34 (3.3819 s / it)
  [  0/171]  eta: 0:01:03    time: 0.3726  data: 0.3255  max mem: 0
  [ 80/171]  eta: 0:00:43    time: 0.5086  data: 0.4617  max mem: 0
  [160/171]  eta: 0:00:05    time: 0.4934  data: 0.4464  max mem: 0
  [170/171]  eta: 0:00:00    time: 0.5151  data: 0.4681  max mem: 0
 Total time: 0:01:21 (0.4791 s / it)
tensor(2.3095, device='cuda:1', dtype=torch.float64)
Epoch: [12]  [  0/152]  eta: 0:08:21  lr: 0.001000  loss: 147.3135 (147.3135)  time: 3.2976  data: 2.3424  max mem: 0
Epoch: [12]  [100/152]  eta: 0:03:08  lr: 0.001000  loss: 146.6375 (146.7743)  time: 3.3761  data: 2.4212  max mem: 0
Epoch: [12]  [151/152]  eta: 0:00:03  lr: 0.001000  loss: 146.5727 (146.7539)  time: 3.3311  data: 2.3831  max mem: 0
Epoch: [12] Total time: 0:08:58 (3.5397 s / it)
  [  0/171]  eta: 0:01:14    time: 0.4367  data: 0.3896  max mem: 0
  [ 80/171]  eta: 0:00:44    time: 0.5176  data: 0.4706  max mem: 0
  [160/171]  eta: 0:00:05    time: 0.4871  data: 0.4393  max mem: 0
  [170/171]  eta: 0:00:00    time: 0.5085  data: 0.4608  max mem: 0
 Total time: 0:01:19 (0.4646 s / it)
tensor(2.3835, device='cuda:1', dtype=torch.float64)
Epoch: [13]  [  0/152]  eta: 0:07:23  lr: 0.001000  loss: 147.4129 (147.4129)  time: 2.9199  data: 1.9654  max mem: 0
Epoch: [13]  [100/152]  eta: 0:03:12  lr: 0.001000  loss: 146.5476 (146.6975)  time: 3.6164  data: 2.6611  max mem: 0
Epoch: [13]  [151/152]  eta: 0:00:03  lr: 0.001000  loss: 146.4485 (146.6810)  time: 3.0806  data: 2.1339  max mem: 0
Epoch: [13] Total time: 0:09:00 (3.5541 s / it)
  [  0/171]  eta: 0:01:20    time: 0.4733  data: 0.4261  max mem: 0
  [ 80/171]  eta: 0:00:43    time: 0.4624  data: 0.4154  max mem: 0
  [160/171]  eta: 0:00:04    time: 0.4284  data: 0.3814  max mem: 0
  [170/171]  eta: 0:00:00    time: 0.4525  data: 0.4056  max mem: 0
 Total time: 0:01:16 (0.4464 s / it)
tensor(2.6943, device='cuda:1', dtype=torch.float64)
Epoch: [14]  [  0/152]  eta: 0:07:24  lr: 0.001000  loss: 147.2311 (147.2311)  time: 2.9268  data: 1.9710  max mem: 0
Epoch: [14]  [100/152]  eta: 0:03:02  lr: 0.001000  loss: 146.4904 (146.6583)  time: 3.3752  data: 2.4207  max mem: 0
Epoch: [14]  [151/152]  eta: 0:00:03  lr: 0.001000  loss: 146.4461 (146.6444)  time: 2.9292  data: 1.9824  max mem: 0
Epoch: [14] Total time: 0:08:29 (3.3527 s / it)
  [  0/171]  eta: 0:01:03    time: 0.3737  data: 0.3266  max mem: 0
  [ 80/171]  eta: 0:00:38    time: 0.4539  data: 0.4070  max mem: 0
  [160/171]  eta: 0:00:04    time: 0.4280  data: 0.3810  max mem: 0
  [170/171]  eta: 0:00:00    time: 0.4509  data: 0.4040  max mem: 0
 Total time: 0:01:11 (0.4210 s / it)
tensor(2.2955, device='cuda:1', dtype=torch.float64)
Epoch: [15]  [  0/152]  eta: 0:07:27  lr: 0.001000  loss: 147.0533 (147.0533)  time: 2.9427  data: 1.9874  max mem: 0
Epoch: [15]  [100/152]  eta: 0:03:01  lr: 0.001000  loss: 146.4528 (146.6118)  time: 3.3849  data: 2.4301  max mem: 0
Epoch: [15]  [151/152]  eta: 0:00:03  lr: 0.001000  loss: 146.4103 (146.5952)  time: 2.9659  data: 2.0193  max mem: 0
Epoch: [15] Total time: 0:08:26 (3.3351 s / it)
  [  0/171]  eta: 0:01:04    time: 0.3789  data: 0.3318  max mem: 0
  [ 80/171]  eta: 0:00:38    time: 0.4591  data: 0.4122  max mem: 0
  [160/171]  eta: 0:00:04    time: 0.4825  data: 0.4354  max mem: 0
  [170/171]  eta: 0:00:00    time: 0.4550  data: 0.4080  max mem: 0
 Total time: 0:01:14 (0.4336 s / it)
tensor(2.4137, device='cuda:1', dtype=torch.float64)
Epoch: [16]  [  0/152]  eta: 0:07:36  lr: 0.001000  loss: 147.0009 (147.0009)  time: 3.0036  data: 2.0476  max mem: 0
Epoch: [16]  [100/152]  eta: 0:03:01  lr: 0.001000  loss: 146.4445 (146.5890)  time: 3.6611  data: 2.7062  max mem: 0
Epoch: [16]  [151/152]  eta: 0:00:03  lr: 0.001000  loss: 146.4247 (146.5769)  time: 3.0661  data: 2.1187  max mem: 0
Epoch: [16] Total time: 0:08:37 (3.4013 s / it)
  [  0/171]  eta: 0:01:04    time: 0.3750  data: 0.3278  max mem: 0
  [ 80/171]  eta: 0:00:38    time: 0.4530  data: 0.4060  max mem: 0
  [160/171]  eta: 0:00:04    time: 0.4280  data: 0.3811  max mem: 0
  [170/171]  eta: 0:00:00    time: 0.4514  data: 0.4045  max mem: 0
 Total time: 0:01:12 (0.4227 s / it)
tensor(2.3517, device='cuda:1', dtype=torch.float64)
Epoch: [17]  [  0/152]  eta: 0:07:23  lr: 0.001000  loss: 146.9413 (146.9413)  time: 2.9197  data: 1.9642  max mem: 0
Epoch: [17]  [100/152]  eta: 0:03:05  lr: 0.001000  loss: 146.4178 (146.5647)  time: 3.7082  data: 2.7532  max mem: 0
Epoch: [17]  [151/152]  eta: 0:00:03  lr: 0.001000  loss: 146.3886 (146.5554)  time: 3.2771  data: 2.3301  max mem: 0
Epoch: [17] Total time: 0:08:50 (3.4878 s / it)
  [  0/171]  eta: 0:01:20    time: 0.4722  data: 0.4250  max mem: 0
  [ 80/171]  eta: 0:00:44    time: 0.5075  data: 0.4606  max mem: 0
  [160/171]  eta: 0:00:05    time: 0.4805  data: 0.4336  max mem: 0
  [170/171]  eta: 0:00:00    time: 0.5021  data: 0.4551  max mem: 0
 Total time: 0:01:22 (0.4812 s / it)
tensor(2.3584, device='cuda:1', dtype=torch.float64)
Epoch: [18]  [  0/152]  eta: 0:08:15  lr: 0.001000  loss: 146.9464 (146.9464)  time: 3.2627  data: 2.3086  max mem: 0
Epoch: [18]  [100/152]  eta: 0:03:11  lr: 0.001000  loss: 146.4389 (146.5609)  time: 3.7283  data: 2.7726  max mem: 0
Epoch: [18]  [151/152]  eta: 0:00:03  lr: 0.001000  loss: 146.3798 (146.5407)  time: 3.2796  data: 2.3318  max mem: 0
Epoch: [18] Total time: 0:08:52 (3.5049 s / it)
  [  0/171]  eta: 0:01:15    time: 0.4416  data: 0.3945  max mem: 0
  [ 80/171]  eta: 0:00:40    time: 0.4543  data: 0.4074  max mem: 0
  [160/171]  eta: 0:00:04    time: 0.4266  data: 0.3797  max mem: 0
  [170/171]  eta: 0:00:00    time: 0.4498  data: 0.4029  max mem: 0
 Total time: 0:01:14 (0.4329 s / it)
tensor(2.3684, device='cuda:1', dtype=torch.float64)
Epoch: [19]  [  0/152]  eta: 0:07:23  lr: 0.001000  loss: 146.8641 (146.8641)  time: 2.9204  data: 1.9654  max mem: 0
Epoch: [19]  [100/152]  eta: 0:03:11  lr: 0.001000  loss: 146.4447 (146.5214)  time: 3.7464  data: 2.7906  max mem: 0
Epoch: [19]  [151/152]  eta: 0:00:03  lr: 0.001000  loss: 146.3838 (146.5004)  time: 3.2746  data: 2.3272  max mem: 0
Epoch: [19] Total time: 0:08:59 (3.5469 s / it)
  [  0/171]  eta: 0:01:14    time: 0.4362  data: 0.3891  max mem: 0
  [ 80/171]  eta: 0:00:43    time: 0.4721  data: 0.4252  max mem: 0
  [160/171]  eta: 0:00:04    time: 0.4289  data: 0.3819  max mem: 0
  [170/171]  eta: 0:00:00    time: 0.4520  data: 0.4051  max mem: 0
 Total time: 0:01:16 (0.4467 s / it)
tensor(2.4298, device='cuda:1', dtype=torch.float64)
Epoch: [20]  [  0/152]  eta: 0:07:24  lr: 0.001000  loss: 146.7956 (146.7956)  time: 2.9243  data: 1.9697  max mem: 0
Epoch: [20]  [100/152]  eta: 0:02:56  lr: 0.001000  loss: 146.3613 (146.4968)  time: 3.4616  data: 2.5065  max mem: 0
Epoch: [20]  [151/152]  eta: 0:00:03  lr: 0.001000  loss: 146.2981 (146.4838)  time: 2.9743  data: 2.0275  max mem: 0
Epoch: [20] Total time: 0:08:18 (3.2779 s / it)
  [  0/171]  eta: 0:01:14    time: 0.4338  data: 0.3868  max mem: 0
  [ 80/171]  eta: 0:00:39    time: 0.4549  data: 0.4079  max mem: 0
  [160/171]  eta: 0:00:04    time: 0.4260  data: 0.3791  max mem: 0
  [170/171]  eta: 0:00:00    time: 0.4489  data: 0.4020  max mem: 0
 Total time: 0:01:13 (0.4270 s / it)
tensor(2.3588, device='cuda:1', dtype=torch.float64)
Epoch: [21]  [  0/152]  eta: 0:07:30  lr: 0.001000  loss: 146.8382 (146.8382)  time: 2.9655  data: 2.0098  max mem: 0
Epoch: [21]  [100/152]  eta: 0:02:55  lr: 0.001000  loss: 146.3985 (146.5303)  time: 3.3691  data: 2.4141  max mem: 0
Epoch: [21]  [151/152]  eta: 0:00:03  lr: 0.001000  loss: 146.4070 (146.5191)  time: 2.9352  data: 1.9885  max mem: 0
Epoch: [21] Total time: 0:08:12 (3.2389 s / it)
  [  0/171]  eta: 0:01:04    time: 0.3763  data: 0.3293  max mem: 0
  [ 80/171]  eta: 0:00:38    time: 0.4520  data: 0.4051  max mem: 0
  [160/171]  eta: 0:00:04    time: 0.4493  data: 0.4024  max mem: 0
  [170/171]  eta: 0:00:00    time: 0.4847  data: 0.4378  max mem: 0
 Total time: 0:01:12 (0.4222 s / it)
tensor(2.3964, device='cuda:1', dtype=torch.float64)
Epoch: [22]  [  0/152]  eta: 0:08:12  lr: 0.001000  loss: 146.9276 (146.9276)  time: 3.2427  data: 2.2886  max mem: 0
Epoch: [22]  [100/152]  eta: 0:03:03  lr: 0.001000  loss: 146.3884 (146.5100)  time: 3.3599  data: 2.4051  max mem: 0
Epoch: [22]  [151/152]  eta: 0:00:03  lr: 0.001000  loss: 146.3488 (146.4991)  time: 2.9100  data: 1.9635  max mem: 0
Epoch: [22] Total time: 0:08:28 (3.3461 s / it)
  [  0/171]  eta: 0:01:03    time: 0.3731  data: 0.3260  max mem: 0
  [ 80/171]  eta: 0:00:38    time: 0.4528  data: 0.4059  max mem: 0
  [160/171]  eta: 0:00:04    time: 0.4263  data: 0.3793  max mem: 0
  [170/171]  eta: 0:00:00    time: 0.4497  data: 0.4028  max mem: 0
 Total time: 0:01:11 (0.4202 s / it)
tensor(2.3649, device='cuda:1', dtype=torch.float64)
Epoch: [23]  [  0/152]  eta: 0:07:29  lr: 0.001000  loss: 146.7764 (146.7764)  time: 2.9605  data: 2.0049  max mem: 0
Epoch: [23]  [100/152]  eta: 0:02:55  lr: 0.001000  loss: 146.3277 (146.4864)  time: 3.3832  data: 2.4288  max mem: 0
Epoch: [23]  [151/152]  eta: 0:00:03  lr: 0.001000  loss: 146.3341 (146.4729)  time: 2.9172  data: 1.9707  max mem: 0
Epoch: [23] Total time: 0:08:12 (3.2394 s / it)
  [  0/171]  eta: 0:01:04    time: 0.3780  data: 0.3305  max mem: 0
  [ 80/171]  eta: 0:00:38    time: 0.4533  data: 0.4064  max mem: 0
  [160/171]  eta: 0:00:04    time: 0.4278  data: 0.3809  max mem: 0
  [170/171]  eta: 0:00:00    time: 0.4520  data: 0.4051  max mem: 0
 Total time: 0:01:12 (0.4226 s / it)
tensor(2.3199, device='cuda:1', dtype=torch.float64)
Epoch: [24]  [  0/152]  eta: 0:07:26  lr: 0.001000  loss: 146.7749 (146.7749)  time: 2.9377  data: 1.9836  max mem: 0
Epoch: [24]  [100/152]  eta: 0:02:55  lr: 0.001000  loss: 146.3188 (146.4439)  time: 3.3763  data: 2.4217  max mem: 0
Epoch: [24]  [151/152]  eta: 0:00:03  lr: 0.001000  loss: 146.3451 (146.4435)  time: 2.9319  data: 1.9856  max mem: 0
Epoch: [24] Total time: 0:08:14 (3.2516 s / it)
  [  0/171]  eta: 0:01:04    time: 0.3767  data: 0.3297  max mem: 0
  [ 80/171]  eta: 0:00:38    time: 0.4582  data: 0.4113  max mem: 0
  [160/171]  eta: 0:00:04    time: 0.4348  data: 0.3879  max mem: 0
  [170/171]  eta: 0:00:00    time: 0.4589  data: 0.4120  max mem: 0
 Total time: 0:01:12 (0.4248 s / it)
tensor(2.3892, device='cuda:1', dtype=torch.float64)
Epoch: [25]  [  0/152]  eta: 0:07:26  lr: 0.001000  loss: 146.6989 (146.6989)  time: 2.9403  data: 1.9860  max mem: 0
Epoch: [25]  [100/152]  eta: 0:02:54  lr: 0.001000  loss: 146.3412 (146.4234)  time: 3.3405  data: 2.3856  max mem: 0
Epoch: [25]  [151/152]  eta: 0:00:03  lr: 0.001000  loss: 146.3337 (146.4243)  time: 2.8718  data: 1.9259  max mem: 0
Epoch: [25] Total time: 0:08:10 (3.2281 s / it)
  [  0/171]  eta: 0:01:03    time: 0.3723  data: 0.3253  max mem: 0
  [ 80/171]  eta: 0:00:37    time: 0.4436  data: 0.3967  max mem: 0
  [160/171]  eta: 0:00:04    time: 0.4161  data: 0.3692  max mem: 0
  [170/171]  eta: 0:00:00    time: 0.4401  data: 0.3932  max mem: 0
 Total time: 0:01:10 (0.4112 s / it)
tensor(2.3927, device='cuda:1', dtype=torch.float64)
Epoch: [26]  [  0/152]  eta: 0:08:17  lr: 0.001000  loss: 146.7431 (146.7431)  time: 3.2708  data: 2.3163  max mem: 0
Epoch: [26]  [100/152]  eta: 0:03:11  lr: 0.001000  loss: 146.2411 (146.3601)  time: 3.6323  data: 2.6782  max mem: 0
Epoch: [26]  [151/152]  eta: 0:00:03  lr: 0.001000  loss: 146.2671 (146.3469)  time: 3.0978  data: 2.1516  max mem: 0
Epoch: [26] Total time: 0:08:56 (3.5318 s / it)
  [  0/171]  eta: 0:01:03    time: 0.3694  data: 0.3225  max mem: 0
  [ 80/171]  eta: 0:00:41    time: 0.4833  data: 0.4364  max mem: 0
  [160/171]  eta: 0:00:04    time: 0.4574  data: 0.4105  max mem: 0
  [170/171]  eta: 0:00:00    time: 0.5104  data: 0.4634  max mem: 0
 Total time: 0:01:17 (0.4528 s / it)
tensor(2.3620, device='cuda:1', dtype=torch.float64)
Epoch: [27]  [  0/152]  eta: 0:07:25  lr: 0.001000  loss: 146.5820 (146.5820)  time: 2.9326  data: 1.9784  max mem: 0
Epoch: [27]  [100/152]  eta: 0:03:05  lr: 0.001000  loss: 146.2480 (146.3860)  time: 3.6253  data: 2.6701  max mem: 0
Epoch: [27]  [151/152]  eta: 0:00:03  lr: 0.001000  loss: 146.2273 (146.3562)  time: 3.2132  data: 2.2663  max mem: 0
Epoch: [27] Total time: 0:08:43 (3.4466 s / it)
  [  0/171]  eta: 0:01:03    time: 0.3691  data: 0.3223  max mem: 0
  [ 80/171]  eta: 0:00:40    time: 0.5157  data: 0.4688  max mem: 0
  [160/171]  eta: 0:00:04    time: 0.4301  data: 0.3832  max mem: 0
  [170/171]  eta: 0:00:00    time: 0.4769  data: 0.4301  max mem: 0
 Total time: 0:01:15 (0.4419 s / it)
tensor(2.4309, device='cuda:1', dtype=torch.float64)
Epoch: [28]  [  0/152]  eta: 0:07:21  lr: 0.001000  loss: 146.5746 (146.5746)  time: 2.9051  data: 1.9518  max mem: 0
Epoch: [28]  [100/152]  eta: 0:03:01  lr: 0.001000  loss: 146.2721 (146.3475)  time: 3.5914  data: 2.6368  max mem: 0
Epoch: [28]  [151/152]  eta: 0:00:03  lr: 0.001000  loss: 146.2250 (146.3326)  time: 3.0749  data: 2.1285  max mem: 0
Epoch: [28] Total time: 0:08:32 (3.3707 s / it)
  [  0/171]  eta: 0:01:12    time: 0.4242  data: 0.3773  max mem: 0
  [ 80/171]  eta: 0:00:42    time: 0.5256  data: 0.4783  max mem: 0
  [160/171]  eta: 0:00:04    time: 0.4291  data: 0.3823  max mem: 0
  [170/171]  eta: 0:00:00    time: 0.4568  data: 0.4099  max mem: 0
 Total time: 0:01:16 (0.4486 s / it)
tensor(2.4026, device='cuda:1', dtype=torch.float64)
Epoch: [29]  [  0/152]  eta: 0:07:59  lr: 0.001000  loss: 146.5668 (146.5668)  time: 3.1535  data: 2.1984  max mem: 0
Epoch: [29]  [100/152]  eta: 0:02:51  lr: 0.001000  loss: 146.2923 (146.3180)  time: 3.1563  data: 2.2008  max mem: 0
Epoch: [29]  [151/152]  eta: 0:00:03  lr: 0.001000  loss: 146.2324 (146.3100)  time: 2.6376  data: 1.6898  max mem: 0
Epoch: [29] Total time: 0:07:51 (3.0988 s / it)
  [  0/171]  eta: 0:00:54    time: 0.3190  data: 0.2721  max mem: 0
  [ 80/171]  eta: 0:00:32    time: 0.3938  data: 0.3470  max mem: 0
  [160/171]  eta: 0:00:03    time: 0.3683  data: 0.3214  max mem: 0
  [170/171]  eta: 0:00:00    time: 0.3931  data: 0.3462  max mem: 0
 Total time: 0:01:01 (0.3619 s / it)
tensor(2.3768, device='cuda:1', dtype=torch.float64)
Epoch: [30]  [  0/152]  eta: 0:06:46  lr: 0.001000  loss: 146.5026 (146.5026)  time: 2.6715  data: 1.7152  max mem: 0
Epoch: [30]  [100/152]  eta: 0:02:43  lr: 0.001000  loss: 146.1704 (146.2978)  time: 3.1259  data: 2.1704  max mem: 0
Epoch: [30]  [151/152]  eta: 0:00:03  lr: 0.001000  loss: 146.2023 (146.2877)  time: 2.6917  data: 1.7444  max mem: 0
Epoch: [30] Total time: 0:07:36 (3.0060 s / it)
  [  0/171]  eta: 0:00:54    time: 0.3206  data: 0.2736  max mem: 0
  [ 80/171]  eta: 0:00:34    time: 0.4031  data: 0.3559  max mem: 0
  [160/171]  eta: 0:00:04    time: 0.3703  data: 0.3234  max mem: 0
  [170/171]  eta: 0:00:00    time: 0.4234  data: 0.3761  max mem: 0
 Total time: 0:01:05 (0.3804 s / it)
tensor(2.4325, device='cuda:1', dtype=torch.float64)
Epoch: [31]  [  0/152]  eta: 0:07:00  lr: 0.001000  loss: 146.4862 (146.4862)  time: 2.7654  data: 1.8100  max mem: 0
Epoch: [31]  [100/152]  eta: 0:02:42  lr: 0.001000  loss: 146.1681 (146.2793)  time: 3.1137  data: 2.1579  max mem: 0
Epoch: [31]  [151/152]  eta: 0:00:03  lr: 0.001000  loss: 146.1909 (146.2790)  time: 2.7833  data: 1.8343  max mem: 0
Epoch: [31] Total time: 0:07:38 (3.0135 s / it)
  [  0/171]  eta: 0:00:55    time: 0.3219  data: 0.2749  max mem: 0
  [ 80/171]  eta: 0:00:33    time: 0.3954  data: 0.3485  max mem: 0
  [160/171]  eta: 0:00:04    time: 0.4010  data: 0.3541  max mem: 0
  [170/171]  eta: 0:00:00    time: 0.4003  data: 0.3528  max mem: 0
 Total time: 0:01:04 (0.3787 s / it)
tensor(2.4918, device='cuda:1', dtype=torch.float64)
Epoch: [32]  [  0/152]  eta: 0:06:45  lr: 0.001000  loss: 146.5130 (146.5130)  time: 2.6687  data: 1.7134  max mem: 0
Epoch: [32]  [100/152]  eta: 0:02:43  lr: 0.001000  loss: 146.1429 (146.2945)  time: 3.1351  data: 2.1787  max mem: 0
Epoch: [32]  [151/152]  eta: 0:00:03  lr: 0.001000  loss: 146.1999 (146.2881)  time: 2.8028  data: 1.8543  max mem: 0
Epoch: [32] Total time: 0:07:41 (3.0335 s / it)
  [  0/171]  eta: 0:00:55    time: 0.3222  data: 0.2752  max mem: 0
  [ 80/171]  eta: 0:00:35    time: 0.4252  data: 0.3783  max mem: 0
  [160/171]  eta: 0:00:04    time: 0.3725  data: 0.3256  max mem: 0
  [170/171]  eta: 0:00:00    time: 0.4130  data: 0.3661  max mem: 0
 Total time: 0:01:05 (0.3825 s / it)
tensor(2.4780, device='cuda:1', dtype=torch.float64)
Epoch: [33]  [  0/152]  eta: 0:07:16  lr: 0.001000  loss: 146.5402 (146.5402)  time: 2.8735  data: 1.9160  max mem: 0
Epoch: [33]  [100/152]  eta: 0:02:47  lr: 0.001000  loss: 146.1503 (146.2671)  time: 3.1695  data: 2.2140  max mem: 0
Epoch: [33]  [151/152]  eta: 0:00:03  lr: 0.001000  loss: 146.2064 (146.2637)  time: 2.7411  data: 1.7938  max mem: 0
Epoch: [33] Total time: 0:07:50 (3.0969 s / it)
  [  0/171]  eta: 0:00:54    time: 0.3189  data: 0.2718  max mem: 0
  [ 80/171]  eta: 0:00:33    time: 0.3987  data: 0.3518  max mem: 0
  [160/171]  eta: 0:00:04    time: 0.3867  data: 0.3398  max mem: 0
  [170/171]  eta: 0:00:00    time: 0.3929  data: 0.3461  max mem: 0
 Total time: 0:01:03 (0.3740 s / it)
tensor(2.6000, device='cuda:1', dtype=torch.float64)
Epoch: [34]  [  0/152]  eta: 0:06:52  lr: 0.001000  loss: 146.4601 (146.4601)  time: 2.7152  data: 1.7585  max mem: 0
Epoch: [34]  [100/152]  eta: 0:02:46  lr: 0.001000  loss: 146.1514 (146.2561)  time: 3.1737  data: 2.2182  max mem: 0
Epoch: [34]  [151/152]  eta: 0:00:03  lr: 0.001000  loss: 146.2204 (146.2447)  time: 2.7311  data: 1.7835  max mem: 0
Epoch: [34] Total time: 0:07:46 (3.0718 s / it)
  [  0/171]  eta: 0:00:54    time: 0.3184  data: 0.2714  max mem: 0
  [ 80/171]  eta: 0:00:33    time: 0.4165  data: 0.3692  max mem: 0
  [160/171]  eta: 0:00:04    time: 0.3863  data: 0.3379  max mem: 0
  [170/171]  eta: 0:00:00    time: 0.4206  data: 0.3727  max mem: 0
 Total time: 0:01:03 (0.3718 s / it)
tensor(2.5897, device='cuda:1', dtype=torch.float64)
Epoch: [35]  [  0/152]  eta: 0:06:57  lr: 0.001000  loss: 146.4421 (146.4421)  time: 2.7497  data: 1.7942  max mem: 0
Epoch: [35]  [100/152]  eta: 0:02:47  lr: 0.001000  loss: 146.0604 (146.2308)  time: 3.2159  data: 2.2602  max mem: 0
Epoch: [35]  [151/152]  eta: 0:00:03  lr: 0.001000  loss: 146.0533 (146.1824)  time: 2.8327  data: 1.8848  max mem: 0
Epoch: [35] Total time: 0:07:50 (3.0980 s / it)
  [  0/171]  eta: 0:00:54    time: 0.3177  data: 0.2708  max mem: 0
  [ 80/171]  eta: 0:00:33    time: 0.4043  data: 0.3571  max mem: 0
  [160/171]  eta: 0:00:04    time: 0.3699  data: 0.3230  max mem: 0
  [170/171]  eta: 0:00:00    time: 0.4055  data: 0.3587  max mem: 0
 Total time: 0:01:02 (0.3680 s / it)
tensor(2.5215, device='cuda:1', dtype=torch.float64)
Epoch: [36]  [  0/152]  eta: 0:07:01  lr: 0.001000  loss: 146.2689 (146.2689)  time: 2.7723  data: 1.8160  max mem: 0
Epoch: [36]  [100/152]  eta: 0:02:53  lr: 0.001000  loss: 145.9825 (146.1091)  time: 3.3426  data: 2.3870  max mem: 0
Epoch: [36]  [151/152]  eta: 0:00:03  lr: 0.001000  loss: 146.0125 (146.0934)  time: 2.8690  data: 1.9215  max mem: 0
Epoch: [36] Total time: 0:08:05 (3.1964 s / it)
  [  0/171]  eta: 0:01:00    time: 0.3524  data: 0.3054  max mem: 0
  [ 80/171]  eta: 0:00:36    time: 0.4313  data: 0.3844  max mem: 0
  [160/171]  eta: 0:00:04    time: 0.4056  data: 0.3587  max mem: 0
  [170/171]  eta: 0:00:00    time: 0.4290  data: 0.3821  max mem: 0
 Total time: 0:01:08 (0.3988 s / it)
tensor(2.5231, device='cuda:1', dtype=torch.float64)
Epoch: [37]  [  0/152]  eta: 0:07:10  lr: 0.001000  loss: 146.2990 (146.2990)  time: 2.8314  data: 1.8766  max mem: 0
Epoch: [37]  [100/152]  eta: 0:02:54  lr: 0.001000  loss: 145.9677 (146.1032)  time: 3.3119  data: 2.3564  max mem: 0
Epoch: [37]  [151/152]  eta: 0:00:03  lr: 0.001000  loss: 145.9830 (146.0813)  time: 2.8162  data: 1.8688  max mem: 0
Epoch: [37] Total time: 0:08:07 (3.2087 s / it)
  [  0/171]  eta: 0:01:00    time: 0.3539  data: 0.3070  max mem: 0
  [ 80/171]  eta: 0:00:36    time: 0.4301  data: 0.3833  max mem: 0
  [160/171]  eta: 0:00:04    time: 0.4199  data: 0.3730  max mem: 0
  [170/171]  eta: 0:00:00    time: 0.4466  data: 0.3998  max mem: 0
 Total time: 0:01:08 (0.4013 s / it)
tensor(2.4509, device='cuda:1', dtype=torch.float64)
Epoch: [38]  [  0/152]  eta: 0:07:09  lr: 0.001000  loss: 146.1563 (146.1563)  time: 2.8231  data: 1.8668  max mem: 0
Epoch: [38]  [100/152]  eta: 0:02:53  lr: 0.001000  loss: 146.0127 (146.1003)  time: 3.3567  data: 2.4007  max mem: 0
Epoch: [38]  [151/152]  eta: 0:00:03  lr: 0.001000  loss: 145.8789 (146.0643)  time: 2.8166  data: 1.8693  max mem: 0
Epoch: [38] Total time: 0:08:04 (3.1901 s / it)
  [  0/171]  eta: 0:01:00    time: 0.3542  data: 0.3072  max mem: 0
  [ 80/171]  eta: 0:00:36    time: 0.4278  data: 0.3810  max mem: 0
  [160/171]  eta: 0:00:04    time: 0.4093  data: 0.3624  max mem: 0
  [170/171]  eta: 0:00:00    time: 0.4308  data: 0.3839  max mem: 0
 Total time: 0:01:07 (0.3976 s / it)
tensor(2.4791, device='cuda:1', dtype=torch.float64)
Epoch: [39]  [  0/152]  eta: 0:07:29  lr: 0.001000  loss: 146.0893 (146.0893)  time: 2.9551  data: 1.9999  max mem: 0
Epoch: [39]  [100/152]  eta: 0:02:51  lr: 0.001000  loss: 145.9243 (146.0226)  time: 3.3041  data: 2.3485  max mem: 0
Epoch: [39]  [151/152]  eta: 0:00:03  lr: 0.001000  loss: 145.8703 (146.0028)  time: 2.9051  data: 1.9568  max mem: 0
Epoch: [39] Total time: 0:08:02 (3.1738 s / it)
  [  0/171]  eta: 0:01:00    time: 0.3534  data: 0.3064  max mem: 0
  [ 80/171]  eta: 0:00:36    time: 0.4341  data: 0.3873  max mem: 0
  [160/171]  eta: 0:00:04    time: 0.4022  data: 0.3554  max mem: 0
  [170/171]  eta: 0:00:00    time: 0.4264  data: 0.3795  max mem: 0
 Total time: 0:01:08 (0.4024 s / it)
tensor(2.5122, device='cuda:1', dtype=torch.float64)
Epoch: [40]  [  0/152]  eta: 0:08:22  lr: 0.001000  loss: 145.9944 (145.9944)  time: 3.3055  data: 2.3498  max mem: 0
Epoch: [40]  [100/152]  eta: 0:03:21  lr: 0.001000  loss: 145.8910 (146.0037)  time: 3.8851  data: 2.9289  max mem: 0
Epoch: [40]  [151/152]  eta: 0:00:03  lr: 0.001000  loss: 145.8791 (145.9961)  time: 3.5873  data: 2.6393  max mem: 0
Epoch: [40] Total time: 0:09:39 (3.8093 s / it)
  [  0/171]  eta: 0:01:11    time: 0.4198  data: 0.3729  max mem: 0
  [ 80/171]  eta: 0:00:44    time: 0.5089  data: 0.4619  max mem: 0
  [160/171]  eta: 0:00:05    time: 0.5086  data: 0.4611  max mem: 0
  [170/171]  eta: 0:00:00    time: 0.5149  data: 0.4681  max mem: 0
 Total time: 0:01:22 (0.4832 s / it)
tensor(2.4729, device='cuda:1', dtype=torch.float64)
Epoch: [41]  [  0/152]  eta: 0:08:21  lr: 0.001000  loss: 145.9990 (145.9990)  time: 3.2978  data: 2.3431  max mem: 0
Epoch: [41]  [100/152]  eta: 0:03:22  lr: 0.001000  loss: 145.9117 (145.9821)  time: 3.9446  data: 2.9888  max mem: 0
Epoch: [41]  [151/152]  eta: 0:00:03  lr: 0.001000  loss: 145.8881 (145.9741)  time: 3.5224  data: 2.5739  max mem: 0
Epoch: [41] Total time: 0:09:32 (3.7693 s / it)
  [  0/171]  eta: 0:01:23    time: 0.4912  data: 0.4442  max mem: 0
  [ 80/171]  eta: 0:00:43    time: 0.5076  data: 0.4608  max mem: 0
  [160/171]  eta: 0:00:05    time: 0.4797  data: 0.4328  max mem: 0
  [170/171]  eta: 0:00:00    time: 0.5054  data: 0.4585  max mem: 0
 Total time: 0:01:22 (0.4813 s / it)
tensor(2.4728, device='cuda:1', dtype=torch.float64)
Epoch: [42]  [  0/152]  eta: 0:08:28  lr: 0.001000  loss: 145.9675 (145.9675)  time: 3.3429  data: 2.3869  max mem: 0
Epoch: [42]  [100/152]  eta: 0:03:15  lr: 0.001000  loss: 145.8731 (145.9579)  time: 3.5879  data: 2.6310  max mem: 0
Epoch: [42]  [151/152]  eta: 0:00:03  lr: 0.001000  loss: 145.8347 (145.9482)  time: 3.2321  data: 2.2844  max mem: 0
Epoch: [42] Total time: 0:09:09 (3.6121 s / it)
  [  0/171]  eta: 0:01:11    time: 0.4195  data: 0.3726  max mem: 0
  [ 80/171]  eta: 0:00:42    time: 0.4962  data: 0.4494  max mem: 0
  [160/171]  eta: 0:00:05    time: 0.4678  data: 0.4210  max mem: 0
  [170/171]  eta: 0:00:00    time: 0.4913  data: 0.4445  max mem: 0
 Total time: 0:01:19 (0.4647 s / it)
tensor(2.5186, device='cuda:1', dtype=torch.float64)
Epoch: [43]  [  0/152]  eta: 0:08:07  lr: 0.001000  loss: 145.9128 (145.9128)  time: 3.2104  data: 2.2549  max mem: 0
Epoch: [43]  [100/152]  eta: 0:03:09  lr: 0.001000  loss: 145.8079 (145.8787)  time: 3.5869  data: 2.6313  max mem: 0
Epoch: [43]  [151/152]  eta: 0:00:03  lr: 0.001000  loss: 145.8462 (145.8662)  time: 3.1856  data: 2.2382  max mem: 0
Epoch: [43] Total time: 0:08:54 (3.5166 s / it)
  [  0/171]  eta: 0:01:10    time: 0.4146  data: 0.3677  max mem: 0
  [ 80/171]  eta: 0:00:42    time: 0.4926  data: 0.4458  max mem: 0
  [160/171]  eta: 0:00:05    time: 0.4681  data: 0.4213  max mem: 0
  [170/171]  eta: 0:00:00    time: 0.4939  data: 0.4471  max mem: 0
 Total time: 0:01:18 (0.4615 s / it)
tensor(2.5069, device='cuda:1', dtype=torch.float64)
Epoch: [44]  [  0/152]  eta: 0:08:07  lr: 0.001000  loss: 145.9110 (145.9110)  time: 3.2064  data: 2.2510  max mem: 0
Epoch: [44]  [100/152]  eta: 0:03:10  lr: 0.001000  loss: 145.8293 (145.8593)  time: 3.6603  data: 2.7047  max mem: 0
Epoch: [44]  [151/152]  eta: 0:00:03  lr: 0.001000  loss: 145.7753 (145.8513)  time: 3.1928  data: 2.2457  max mem: 0
Epoch: [44] Total time: 0:08:55 (3.5253 s / it)
  [  0/171]  eta: 0:01:11    time: 0.4190  data: 0.3720  max mem: 0
  [ 80/171]  eta: 0:00:42    time: 0.4982  data: 0.4513  max mem: 0
  [160/171]  eta: 0:00:05    time: 0.4728  data: 0.4260  max mem: 0
  [170/171]  eta: 0:00:00    time: 0.4987  data: 0.4519  max mem: 0
 Total time: 0:01:19 (0.4673 s / it)
tensor(2.5186, device='cuda:1', dtype=torch.float64)
Epoch: [45]  [  0/152]  eta: 0:08:06  lr: 0.001000  loss: 145.8436 (145.8436)  time: 3.2004  data: 2.2450  max mem: 0
Epoch: [45]  [100/152]  eta: 0:03:11  lr: 0.001000  loss: 145.7903 (145.8601)  time: 3.7316  data: 2.7758  max mem: 0
Epoch: [45]  [151/152]  eta: 0:00:03  lr: 0.001000  loss: 145.7656 (145.8604)  time: 3.2160  data: 2.2681  max mem: 0
Epoch: [45] Total time: 0:08:59 (3.5521 s / it)
  [  0/171]  eta: 0:01:11    time: 0.4196  data: 0.3726  max mem: 0
  [ 80/171]  eta: 0:00:42    time: 0.4937  data: 0.4468  max mem: 0
  [160/171]  eta: 0:00:05    time: 0.4722  data: 0.4253  max mem: 0
  [170/171]  eta: 0:00:00    time: 0.4984  data: 0.4515  max mem: 0
 Total time: 0:01:20 (0.4702 s / it)
tensor(2.4981, device='cuda:1', dtype=torch.float64)
Epoch: [46]  [  0/152]  eta: 0:08:03  lr: 0.001000  loss: 145.8503 (145.8503)  time: 3.1791  data: 2.2243  max mem: 0
Epoch: [46]  [100/152]  eta: 0:03:08  lr: 0.001000  loss: 145.7731 (145.8504)  time: 3.6492  data: 2.6934  max mem: 0
Epoch: [46]  [151/152]  eta: 0:00:03  lr: 0.001000  loss: 145.7693 (145.8557)  time: 3.1810  data: 2.2337  max mem: 0
Epoch: [46] Total time: 0:08:51 (3.4981 s / it)
  [  0/171]  eta: 0:01:10    time: 0.4113  data: 0.3644  max mem: 0
  [ 80/171]  eta: 0:00:41    time: 0.4906  data: 0.4437  max mem: 0
  [160/171]  eta: 0:00:05    time: 0.4634  data: 0.4166  max mem: 0
  [170/171]  eta: 0:00:00    time: 0.4871  data: 0.4403  max mem: 0
 Total time: 0:01:18 (0.4577 s / it)
tensor(2.5385, device='cuda:1', dtype=torch.float64)
Epoch: [47]  [  0/152]  eta: 0:08:00  lr: 0.001000  loss: 145.8799 (145.8799)  time: 3.1597  data: 2.2042  max mem: 0
Epoch: [47]  [100/152]  eta: 0:03:07  lr: 0.001000  loss: 145.7816 (145.8292)  time: 3.6203  data: 2.6648  max mem: 0
Epoch: [47]  [151/152]  eta: 0:00:03  lr: 0.001000  loss: 145.7673 (145.8391)  time: 3.1832  data: 2.2353  max mem: 0
Epoch: [47] Total time: 0:08:50 (3.4876 s / it)
  [  0/171]  eta: 0:01:09    time: 0.4078  data: 0.3609  max mem: 0
  [ 80/171]  eta: 0:00:41    time: 0.4843  data: 0.4375  max mem: 0
  [160/171]  eta: 0:00:04    time: 0.4591  data: 0.4123  max mem: 0
  [170/171]  eta: 0:00:00    time: 0.4842  data: 0.4374  max mem: 0
 Total time: 0:01:17 (0.4537 s / it)
tensor(2.5568, device='cuda:1', dtype=torch.float64)
Epoch: [48]  [  0/152]  eta: 0:07:58  lr: 0.001000  loss: 145.8680 (145.8680)  time: 3.1477  data: 2.1929  max mem: 0
Epoch: [48]  [100/152]  eta: 0:03:00  lr: 0.001000  loss: 145.7528 (145.8123)  time: 3.4638  data: 2.5079  max mem: 0
Epoch: [48]  [151/152]  eta: 0:00:03  lr: 0.001000  loss: 145.7616 (145.8227)  time: 3.0429  data: 2.0947  max mem: 0
Epoch: [48] Total time: 0:08:28 (3.3421 s / it)
  [  0/171]  eta: 0:01:03    time: 0.3720  data: 0.3251  max mem: 0
  [ 80/171]  eta: 0:00:38    time: 0.4505  data: 0.4037  max mem: 0
  [160/171]  eta: 0:00:04    time: 0.4432  data: 0.3960  max mem: 0
  [170/171]  eta: 0:00:00    time: 0.4516  data: 0.4048  max mem: 0
 Total time: 0:01:12 (0.4240 s / it)
tensor(2.5644, device='cuda:1', dtype=torch.float64)
Epoch: [49]  [  0/152]  eta: 0:07:32  lr: 0.001000  loss: 145.8414 (145.8414)  time: 2.9761  data: 2.0193  max mem: 0
Epoch: [49]  [100/152]  eta: 0:03:01  lr: 0.001000  loss: 145.7883 (145.8069)  time: 3.3918  data: 2.4355  max mem: 0
Epoch: [49]  [151/152]  eta: 0:00:03  lr: 0.001000  loss: 145.8013 (145.8167)  time: 2.9300  data: 1.9828  max mem: 0
Epoch: [49] Total time: 0:08:25 (3.3273 s / it)
  [  0/171]  eta: 0:01:04    time: 0.3751  data: 0.3281  max mem: 0
  [ 80/171]  eta: 0:00:39    time: 0.4701  data: 0.4220  max mem: 0
  [160/171]  eta: 0:00:04    time: 0.4205  data: 0.3737  max mem: 0
  [170/171]  eta: 0:00:00    time: 0.4452  data: 0.3984  max mem: 0
 Total time: 0:01:12 (0.4240 s / it)
tensor(2.6404, device='cuda:1', dtype=torch.float64)
Epoch: [50]  [  0/152]  eta: 0:08:08  lr: 0.001000  loss: 145.8505 (145.8505)  time: 3.2107  data: 2.2551  max mem: 0
Epoch: [50]  [100/152]  eta: 0:03:11  lr: 0.001000  loss: 145.7520 (145.7946)  time: 3.6344  data: 2.6787  max mem: 0
Epoch: [50]  [151/152]  eta: 0:00:03  lr: 0.001000  loss: 145.7690 (145.8030)  time: 3.1642  data: 2.2165  max mem: 0
Epoch: [50] Total time: 0:08:56 (3.5311 s / it)
  [  0/171]  eta: 0:01:11    time: 0.4203  data: 0.3734  max mem: 0
  [ 80/171]  eta: 0:00:42    time: 0.5057  data: 0.4589  max mem: 0
  [160/171]  eta: 0:00:05    time: 0.4810  data: 0.4342  max mem: 0
  [170/171]  eta: 0:00:00    time: 0.5063  data: 0.4595  max mem: 0
 Total time: 0:01:20 (0.4716 s / it)
tensor(2.6697, device='cuda:1', dtype=torch.float64)
Epoch: [51]  [  0/152]  eta: 0:07:56  lr: 0.001000  loss: 145.8499 (145.8499)  time: 3.1318  data: 2.1761  max mem: 0
Epoch: [51]  [100/152]  eta: 0:02:57  lr: 0.001000  loss: 145.7897 (145.7808)  time: 3.4028  data: 2.4472  max mem: 0
Epoch: [51]  [151/152]  eta: 0:00:03  lr: 0.001000  loss: 145.7492 (145.7869)  time: 2.9466  data: 1.9992  max mem: 0
Epoch: [51] Total time: 0:08:17 (3.2755 s / it)
  [  0/171]  eta: 0:01:04    time: 0.3767  data: 0.3298  max mem: 0
  [ 80/171]  eta: 0:00:38    time: 0.4542  data: 0.4073  max mem: 0
  [160/171]  eta: 0:00:04    time: 0.4273  data: 0.3805  max mem: 0
  [170/171]  eta: 0:00:00    time: 0.4517  data: 0.4049  max mem: 0
 Total time: 0:01:12 (0.4230 s / it)
tensor(2.6277, device='cuda:1', dtype=torch.float64)
Epoch: [52]  [  0/152]  eta: 0:07:25  lr: 0.001000  loss: 145.7990 (145.7990)  time: 2.9316  data: 1.9756  max mem: 0
Epoch: [52]  [100/152]  eta: 0:02:57  lr: 0.001000  loss: 145.7384 (145.7739)  time: 3.4618  data: 2.5061  max mem: 0
Epoch: [52]  [151/152]  eta: 0:00:03  lr: 0.001000  loss: 145.7441 (145.7828)  time: 2.9577  data: 2.0099  max mem: 0
Epoch: [52] Total time: 0:08:22 (3.3082 s / it)
  [  0/171]  eta: 0:01:03    time: 0.3709  data: 0.3240  max mem: 0
  [ 80/171]  eta: 0:00:38    time: 0.4452  data: 0.3984  max mem: 0
  [160/171]  eta: 0:00:04    time: 0.4229  data: 0.3760  max mem: 0
  [170/171]  eta: 0:00:00    time: 0.4470  data: 0.4002  max mem: 0
 Total time: 0:01:12 (0.4212 s / it)
tensor(2.5415, device='cuda:1', dtype=torch.float64)
Epoch: [53]  [  0/152]  eta: 0:08:05  lr: 0.001000  loss: 145.7880 (145.7880)  time: 3.1922  data: 2.2359  max mem: 0
Epoch: [53]  [100/152]  eta: 0:03:12  lr: 0.001000  loss: 145.7461 (145.7653)  time: 3.6290  data: 2.6733  max mem: 0
Epoch: [53]  [151/152]  eta: 0:00:03  lr: 0.001000  loss: 145.7579 (145.7770)  time: 3.1692  data: 2.2215  max mem: 0
Epoch: [53] Total time: 0:08:57 (3.5391 s / it)
  [  0/171]  eta: 0:01:10    time: 0.4119  data: 0.3649  max mem: 0
  [ 80/171]  eta: 0:00:41    time: 0.4891  data: 0.4422  max mem: 0
  [160/171]  eta: 0:00:05    time: 0.4639  data: 0.4170  max mem: 0
  [170/171]  eta: 0:00:00    time: 0.4895  data: 0.4426  max mem: 0
 Total time: 0:01:18 (0.4583 s / it)
tensor(2.5782, device='cuda:1', dtype=torch.float64)
Epoch: [54]  [  0/152]  eta: 0:07:57  lr: 0.001000  loss: 145.8149 (145.8149)  time: 3.1421  data: 2.1861  max mem: 0
Epoch: [54]  [100/152]  eta: 0:02:55  lr: 0.001000  loss: 145.7243 (145.7732)  time: 3.3794  data: 2.4236  max mem: 0
Epoch: [54]  [151/152]  eta: 0:00:03  lr: 0.001000  loss: 145.7590 (145.7775)  time: 2.9339  data: 1.9865  max mem: 0
Epoch: [54] Total time: 0:08:14 (3.2523 s / it)
  [  0/171]  eta: 0:01:04    time: 0.3752  data: 0.3283  max mem: 0
  [ 80/171]  eta: 0:00:38    time: 0.4522  data: 0.4054  max mem: 0
  [160/171]  eta: 0:00:04    time: 0.4450  data: 0.3979  max mem: 0
  [170/171]  eta: 0:00:00    time: 0.4655  data: 0.4183  max mem: 0
 Total time: 0:01:12 (0.4235 s / it)
tensor(2.6159, device='cuda:1', dtype=torch.float64)
Epoch: [55]  [  0/152]  eta: 0:07:27  lr: 0.001000  loss: 145.7852 (145.7852)  time: 2.9435  data: 1.9877  max mem: 0
Epoch: [55]  [100/152]  eta: 0:02:58  lr: 0.001000  loss: 145.7483 (145.7582)  time: 3.4347  data: 2.4786  max mem: 0
Epoch: [55]  [151/152]  eta: 0:00:03  lr: 0.001000  loss: 145.7786 (145.7660)  time: 2.9191  data: 1.9710  max mem: 0
Epoch: [55] Total time: 0:08:18 (3.2781 s / it)
  [  0/171]  eta: 0:01:03    time: 0.3715  data: 0.3246  max mem: 0
  [ 80/171]  eta: 0:00:38    time: 0.4505  data: 0.4036  max mem: 0
  [160/171]  eta: 0:00:04    time: 0.4270  data: 0.3802  max mem: 0
  [170/171]  eta: 0:00:00    time: 0.4497  data: 0.4029  max mem: 0
 Total time: 0:01:11 (0.4183 s / it)
tensor(2.5528, device='cuda:1', dtype=torch.float64)
Epoch: [56]  [  0/152]  eta: 0:07:16  lr: 0.001000  loss: 145.8300 (145.8300)  time: 2.8713  data: 1.9158  max mem: 0
Epoch: [56]  [100/152]  eta: 0:02:51  lr: 0.001000  loss: 145.7456 (145.7588)  time: 3.3041  data: 2.3483  max mem: 0
Epoch: [56]  [151/152]  eta: 0:00:03  lr: 0.001000  loss: 145.7331 (145.7687)  time: 2.8579  data: 1.9101  max mem: 0
Epoch: [56] Total time: 0:08:02 (3.1754 s / it)
  [  0/171]  eta: 0:01:02    time: 0.3638  data: 0.3169  max mem: 0
  [ 80/171]  eta: 0:00:38    time: 0.4559  data: 0.4091  max mem: 0
  [160/171]  eta: 0:00:04    time: 0.4131  data: 0.3663  max mem: 0
  [170/171]  eta: 0:00:00    time: 0.4370  data: 0.3902  max mem: 0
 Total time: 0:01:10 (0.4147 s / it)
tensor(2.5630, device='cuda:1', dtype=torch.float64)
Epoch: [57]  [  0/152]  eta: 0:07:46  lr: 0.001000  loss: 145.8025 (145.8025)  time: 3.0708  data: 2.1162  max mem: 0
Epoch: [57]  [100/152]  eta: 0:03:04  lr: 0.001000  loss: 145.7216 (145.7665)  time: 3.5492  data: 2.5930  max mem: 0
Epoch: [57]  [151/152]  eta: 0:00:03  lr: 0.001000  loss: 145.7571 (145.7753)  time: 3.0494  data: 2.1013  max mem: 0
Epoch: [57] Total time: 0:08:38 (3.4111 s / it)
  [  0/171]  eta: 0:01:08    time: 0.3985  data: 0.3516  max mem: 0
  [ 80/171]  eta: 0:00:40    time: 0.4497  data: 0.4026  max mem: 0
  [160/171]  eta: 0:00:04    time: 0.4746  data: 0.4272  max mem: 0
  [170/171]  eta: 0:00:00    time: 0.5087  data: 0.4613  max mem: 0
 Total time: 0:01:17 (0.4519 s / it)
tensor(2.5634, device='cuda:1', dtype=torch.float64)
Epoch: [58]  [  0/152]  eta: 0:07:39  lr: 0.001000  loss: 145.7798 (145.7798)  time: 3.0239  data: 2.0687  max mem: 0
Epoch: [58]  [100/152]  eta: 0:02:57  lr: 0.001000  loss: 145.7294 (145.7710)  time: 3.4046  data: 2.4482  max mem: 0
Epoch: [58]  [151/152]  eta: 0:00:03  lr: 0.001000  loss: 145.7643 (145.7749)  time: 2.9335  data: 1.9848  max mem: 0
Epoch: [58] Total time: 0:08:16 (3.2675 s / it)
  [  0/171]  eta: 0:01:04    time: 0.3776  data: 0.3307  max mem: 0
  [ 80/171]  eta: 0:00:38    time: 0.4568  data: 0.4097  max mem: 0
  [160/171]  eta: 0:00:04    time: 0.4306  data: 0.3838  max mem: 0
  [170/171]  eta: 0:00:00    time: 0.4535  data: 0.4067  max mem: 0
 Total time: 0:01:12 (0.4261 s / it)
tensor(2.6072, device='cuda:1', dtype=torch.float64)
Epoch: [59]  [  0/152]  eta: 0:07:22  lr: 0.001000  loss: 145.7820 (145.7820)  time: 2.9111  data: 1.9542  max mem: 0
Epoch: [59]  [100/152]  eta: 0:02:54  lr: 0.001000  loss: 145.7425 (145.7671)  time: 3.3511  data: 2.3953  max mem: 0
Epoch: [59]  [151/152]  eta: 0:00:03  lr: 0.001000  loss: 145.7559 (145.7691)  time: 2.9934  data: 2.0450  max mem: 0
Epoch: [59] Total time: 0:08:15 (3.2573 s / it)
  [  0/171]  eta: 0:01:03    time: 0.3697  data: 0.3228  max mem: 0
  [ 80/171]  eta: 0:00:38    time: 0.4617  data: 0.4149  max mem: 0
  [160/171]  eta: 0:00:04    time: 0.4232  data: 0.3764  max mem: 0
  [170/171]  eta: 0:00:00    time: 0.4457  data: 0.3988  max mem: 0
 Total time: 0:01:11 (0.4200 s / it)
tensor(2.6350, device='cuda:1', dtype=torch.float64)
Epoch: [60]  [  0/152]  eta: 0:08:08  lr: 0.001000  loss: 145.7671 (145.7671)  time: 3.2125  data: 2.2567  max mem: 0
Epoch: [60]  [100/152]  eta: 0:03:11  lr: 0.001000  loss: 145.7414 (145.7692)  time: 3.6721  data: 2.7157  max mem: 0
Epoch: [60]  [151/152]  eta: 0:00:03  lr: 0.001000  loss: 145.7394 (145.7694)  time: 3.1725  data: 2.2242  max mem: 0
Epoch: [60] Total time: 0:08:54 (3.5171 s / it)
  [  0/171]  eta: 0:01:11    time: 0.4177  data: 0.3708  max mem: 0
  [ 80/171]  eta: 0:00:41    time: 0.5012  data: 0.4543  max mem: 0
  [160/171]  eta: 0:00:05    time: 0.4731  data: 0.4263  max mem: 0
  [170/171]  eta: 0:00:00    time: 0.4978  data: 0.4510  max mem: 0
 Total time: 0:01:19 (0.4650 s / it)
tensor(2.7388, device='cuda:1', dtype=torch.float64)
Epoch: [61]  [  0/152]  eta: 0:07:51  lr: 0.001000  loss: 145.7994 (145.7994)  time: 3.1008  data: 2.1450  max mem: 0
Epoch: [61]  [100/152]  eta: 0:03:03  lr: 0.001000  loss: 145.7056 (145.7522)  time: 3.5353  data: 2.5794  max mem: 0
Epoch: [61]  [151/152]  eta: 0:00:03  lr: 0.001000  loss: 145.7180 (145.7544)  time: 3.0780  data: 2.1299  max mem: 0
Epoch: [61] Total time: 0:08:37 (3.4026 s / it)
  [  0/171]  eta: 0:01:08    time: 0.3998  data: 0.3528  max mem: 0
  [ 80/171]  eta: 0:00:40    time: 0.4800  data: 0.4332  max mem: 0
  [160/171]  eta: 0:00:04    time: 0.4542  data: 0.4074  max mem: 0
  [170/171]  eta: 0:00:00    time: 0.4804  data: 0.4336  max mem: 0
 Total time: 0:01:16 (0.4475 s / it)
tensor(2.6647, device='cuda:1', dtype=torch.float64)
Epoch: [62]  [  0/152]  eta: 0:07:41  lr: 0.001000  loss: 145.7636 (145.7636)  time: 3.0370  data: 2.0799  max mem: 0
Epoch: [62]  [100/152]  eta: 0:02:55  lr: 0.001000  loss: 145.7301 (145.7443)  time: 3.3897  data: 2.4337  max mem: 0
Epoch: [62]  [151/152]  eta: 0:00:03  lr: 0.001000  loss: 145.7479 (145.7484)  time: 2.9700  data: 2.0216  max mem: 0
Epoch: [62] Total time: 0:08:15 (3.2594 s / it)
  [  0/171]  eta: 0:01:04    time: 0.3754  data: 0.3285  max mem: 0
  [ 80/171]  eta: 0:00:38    time: 0.4529  data: 0.4061  max mem: 0
  [160/171]  eta: 0:00:04    time: 0.4269  data: 0.3801  max mem: 0
  [170/171]  eta: 0:00:00    time: 0.4505  data: 0.4037  max mem: 0
 Total time: 0:01:12 (0.4217 s / it)
tensor(2.6448, device='cuda:1', dtype=torch.float64)
Epoch: [63]  [  0/152]  eta: 0:07:18  lr: 0.001000  loss: 145.7648 (145.7648)  time: 2.8842  data: 1.9280  max mem: 0
Epoch: [63]  [100/152]  eta: 0:02:54  lr: 0.001000  loss: 145.7038 (145.7408)  time: 3.3953  data: 2.4386  max mem: 0
Epoch: [63]  [151/152]  eta: 0:00:03  lr: 0.001000  loss: 145.7096 (145.7462)  time: 2.9386  data: 1.9901  max mem: 0
Epoch: [63] Total time: 0:08:11 (3.2349 s / it)
  [  0/171]  eta: 0:01:03    time: 0.3701  data: 0.3232  max mem: 0
  [ 80/171]  eta: 0:00:37    time: 0.4469  data: 0.4000  max mem: 0
  [160/171]  eta: 0:00:04    time: 0.4255  data: 0.3787  max mem: 0
  [170/171]  eta: 0:00:00    time: 0.4652  data: 0.4179  max mem: 0
 Total time: 0:01:11 (0.4179 s / it)
tensor(2.7199, device='cuda:1', dtype=torch.float64)
Epoch: [64]  [  0/152]  eta: 0:09:20  lr: 0.001000  loss: 145.7588 (145.7588)  time: 3.6865  data: 2.7307  max mem: 0
Epoch: [64]  [100/152]  eta: 0:03:08  lr: 0.001000  loss: 145.7180 (145.7403)  time: 3.5819  data: 2.6259  max mem: 0
Epoch: [64]  [151/152]  eta: 0:00:03  lr: 0.001000  loss: 145.7248 (145.7430)  time: 3.2032  data: 2.2551  max mem: 0
Epoch: [64] Total time: 0:08:51 (3.4977 s / it)
  [  0/171]  eta: 0:01:11    time: 0.4191  data: 0.3722  max mem: 0
  [ 80/171]  eta: 0:00:43    time: 0.5000  data: 0.4532  max mem: 0
  [160/171]  eta: 0:00:05    time: 0.4748  data: 0.4280  max mem: 0
  [170/171]  eta: 0:00:00    time: 0.4979  data: 0.4510  max mem: 0
 Total time: 0:01:20 (0.4684 s / it)
tensor(2.7904, device='cuda:1', dtype=torch.float64)
Epoch: [65]  [  0/152]  eta: 0:08:18  lr: 0.001000  loss: 145.7777 (145.7777)  time: 3.2814  data: 2.3244  max mem: 0
Epoch: [65]  [100/152]  eta: 0:02:56  lr: 0.001000  loss: 145.7050 (145.7403)  time: 3.3880  data: 2.4314  max mem: 0
Epoch: [65]  [151/152]  eta: 0:00:03  lr: 0.001000  loss: 145.6920 (145.7423)  time: 2.9549  data: 2.0063  max mem: 0
Epoch: [65] Total time: 0:08:17 (3.2733 s / it)
  [  0/171]  eta: 0:01:04    time: 0.3761  data: 0.3292  max mem: 0
  [ 80/171]  eta: 0:00:39    time: 0.4541  data: 0.4073  max mem: 0
  [160/171]  eta: 0:00:04    time: 0.4286  data: 0.3817  max mem: 0
  [170/171]  eta: 0:00:00    time: 0.4584  data: 0.4111  max mem: 0
 Total time: 0:01:12 (0.4264 s / it)
tensor(2.6885, device='cuda:1', dtype=torch.float64)
Epoch: [66]  [  0/152]  eta: 0:07:36  lr: 0.001000  loss: 145.7296 (145.7296)  time: 3.0022  data: 2.0462  max mem: 0
Epoch: [66]  [100/152]  eta: 0:02:59  lr: 0.001000  loss: 145.5646 (145.6830)  time: 3.4369  data: 2.4804  max mem: 0
Epoch: [66]  [151/152]  eta: 0:00:03  lr: 0.001000  loss: 145.5757 (145.6499)  time: 2.9263  data: 1.9776  max mem: 0
Epoch: [66] Total time: 0:08:21 (3.2963 s / it)
  [  0/171]  eta: 0:01:12    time: 0.4223  data: 0.3753  max mem: 0
  [ 80/171]  eta: 0:00:38    time: 0.4537  data: 0.4069  max mem: 0
  [160/171]  eta: 0:00:04    time: 0.4244  data: 0.3776  max mem: 0
  [170/171]  eta: 0:00:00    time: 0.4489  data: 0.4021  max mem: 0
 Total time: 0:01:11 (0.4202 s / it)
tensor(2.6871, device='cuda:1', dtype=torch.float64)
Epoch: [67]  [  0/152]  eta: 0:08:22  lr: 0.001000  loss: 145.5785 (145.5785)  time: 3.3040  data: 2.3477  max mem: 0
Epoch: [67]  [100/152]  eta: 0:03:13  lr: 0.001000  loss: 145.4936 (145.5794)  time: 3.7243  data: 2.7676  max mem: 0
Epoch: [67]  [151/152]  eta: 0:00:03  lr: 0.001000  loss: 145.4764 (145.5558)  time: 3.2740  data: 2.3256  max mem: 0
Epoch: [67] Total time: 0:09:05 (3.5912 s / it)
  [  0/171]  eta: 0:01:11    time: 0.4189  data: 0.3719  max mem: 0
  [ 80/171]  eta: 0:00:43    time: 0.5054  data: 0.4585  max mem: 0
  [160/171]  eta: 0:00:05    time: 0.4804  data: 0.4335  max mem: 0
  [170/171]  eta: 0:00:00    time: 0.5053  data: 0.4585  max mem: 0
 Total time: 0:01:21 (0.4754 s / it)
tensor(2.7360, device='cuda:1', dtype=torch.float64)
Epoch: [68]  [  0/152]  eta: 0:08:11  lr: 0.001000  loss: 145.5156 (145.5156)  time: 3.2322  data: 2.2757  max mem: 0
Epoch: [68]  [100/152]  eta: 0:02:57  lr: 0.001000  loss: 145.4726 (145.5106)  time: 3.3861  data: 2.4297  max mem: 0
Epoch: [68]  [151/152]  eta: 0:00:03  lr: 0.001000  loss: 145.4821 (145.5084)  time: 3.0497  data: 2.1013  max mem: 0
Epoch: [68] Total time: 0:08:22 (3.3091 s / it)
  [  0/171]  eta: 0:01:04    time: 0.3764  data: 0.3295  max mem: 0
  [ 80/171]  eta: 0:00:40    time: 0.4566  data: 0.4096  max mem: 0
  [160/171]  eta: 0:00:04    time: 0.4517  data: 0.4049  max mem: 0
  [170/171]  eta: 0:00:00    time: 0.4814  data: 0.4340  max mem: 0
 Total time: 0:01:14 (0.4354 s / it)
tensor(2.8047, device='cuda:1', dtype=torch.float64)
Epoch: [69]  [  0/152]  eta: 0:07:48  lr: 0.001000  loss: 145.5127 (145.5127)  time: 3.0848  data: 2.1282  max mem: 0
Epoch: [69]  [100/152]  eta: 0:02:58  lr: 0.001000  loss: 145.5006 (145.5147)  time: 3.3723  data: 2.4161  max mem: 0
Epoch: [69]  [151/152]  eta: 0:00:03  lr: 0.001000  loss: 145.4652 (145.5156)  time: 2.9744  data: 2.0249  max mem: 0
Epoch: [69] Total time: 0:08:21 (3.2966 s / it)
  [  0/171]  eta: 0:01:13    time: 0.4312  data: 0.3840  max mem: 0
  [ 80/171]  eta: 0:00:39    time: 0.4490  data: 0.4022  max mem: 0
  [160/171]  eta: 0:00:04    time: 0.4329  data: 0.3860  max mem: 0
  [170/171]  eta: 0:00:00    time: 0.4509  data: 0.4041  max mem: 0
 Total time: 0:01:13 (0.4286 s / it)
tensor(2.7053, device='cuda:1', dtype=torch.float64)
Epoch: [70]  [  0/152]  eta: 0:08:00  lr: 0.001000  loss: 145.5093 (145.5093)  time: 3.1623  data: 2.2053  max mem: 0
Epoch: [70]  [100/152]  eta: 0:03:09  lr: 0.001000  loss: 145.5502 (145.5137)  time: 3.6262  data: 2.6696  max mem: 0
Epoch: [70]  [151/152]  eta: 0:00:03  lr: 0.001000  loss: 145.4969 (145.5206)  time: 3.1485  data: 2.1999  max mem: 0
Epoch: [70] Total time: 0:08:52 (3.5027 s / it)
  [  0/171]  eta: 0:01:10    time: 0.4148  data: 0.3679  max mem: 0
  [ 80/171]  eta: 0:00:42    time: 0.4592  data: 0.4121  max mem: 0
  [160/171]  eta: 0:00:04    time: 0.4367  data: 0.3898  max mem: 0
  [170/171]  eta: 0:00:00    time: 0.4829  data: 0.4360  max mem: 0
 Total time: 0:01:15 (0.4444 s / it)
tensor(2.6752, device='cuda:1', dtype=torch.float64)
Epoch: [71]  [  0/152]  eta: 0:07:53  lr: 0.001000  loss: 145.5386 (145.5386)  time: 3.1168  data: 2.1579  max mem: 0
Epoch: [71]  [100/152]  eta: 0:03:06  lr: 0.001000  loss: 145.4968 (145.5107)  time: 3.5646  data: 2.6081  max mem: 0
Epoch: [71]  [151/152]  eta: 0:00:03  lr: 0.001000  loss: 145.4966 (145.5178)  time: 3.1181  data: 2.1694  max mem: 0
Epoch: [71] Total time: 0:08:44 (3.4477 s / it)
  [  0/171]  eta: 0:01:10    time: 0.4129  data: 0.3658  max mem: 0
  [ 80/171]  eta: 0:00:42    time: 0.4916  data: 0.4448  max mem: 0
  [160/171]  eta: 0:00:05    time: 0.4641  data: 0.4173  max mem: 0
  [170/171]  eta: 0:00:00    time: 0.4883  data: 0.4415  max mem: 0
 Total time: 0:01:19 (0.4670 s / it)
tensor(2.6981, device='cuda:1', dtype=torch.float64)
Epoch: [72]  [  0/152]  eta: 0:07:48  lr: 0.001000  loss: 145.5294 (145.5294)  time: 3.0791  data: 2.1226  max mem: 0
Epoch: [72]  [100/152]  eta: 0:02:58  lr: 0.001000  loss: 145.5081 (145.5197)  time: 3.3812  data: 2.4248  max mem: 0
Epoch: [72]  [151/152]  eta: 0:00:03  lr: 0.001000  loss: 145.4830 (145.5272)  time: 2.9340  data: 1.9855  max mem: 0
Epoch: [72] Total time: 0:08:19 (3.2878 s / it)
  [  0/171]  eta: 0:01:04    time: 0.3789  data: 0.3319  max mem: 0
  [ 80/171]  eta: 0:00:38    time: 0.4544  data: 0.4076  max mem: 0
  [160/171]  eta: 0:00:04    time: 0.4397  data: 0.3920  max mem: 0
  [170/171]  eta: 0:00:00    time: 0.4635  data: 0.4163  max mem: 0
 Total time: 0:01:13 (0.4283 s / it)
tensor(2.6484, device='cuda:1', dtype=torch.float64)
Epoch: [73]  [  0/152]  eta: 0:07:41  lr: 0.001000  loss: 145.5342 (145.5342)  time: 3.0375  data: 2.0803  max mem: 0
Epoch: [73]  [100/152]  eta: 0:02:58  lr: 0.001000  loss: 145.4878 (145.5167)  time: 3.5001  data: 2.5433  max mem: 0
Epoch: [73]  [151/152]  eta: 0:00:03  lr: 0.001000  loss: 145.4926 (145.5267)  time: 2.8804  data: 1.9320  max mem: 0
Epoch: [73] Total time: 0:08:21 (3.2993 s / it)
  [  0/171]  eta: 0:01:02    time: 0.3629  data: 0.3160  max mem: 0
  [ 80/171]  eta: 0:00:38    time: 0.4448  data: 0.3979  max mem: 0
  [160/171]  eta: 0:00:04    time: 0.4253  data: 0.3784  max mem: 0
  [170/171]  eta: 0:00:00    time: 0.4462  data: 0.3994  max mem: 0
 Total time: 0:01:11 (0.4175 s / it)
tensor(2.7116, device='cuda:1', dtype=torch.float64)
Epoch: [74]  [  0/152]  eta: 0:08:17  lr: 0.001000  loss: 145.5324 (145.5324)  time: 3.2754  data: 2.3176  max mem: 0
Epoch: [74]  [100/152]  eta: 0:03:16  lr: 0.001000  loss: 145.4891 (145.5032)  time: 3.7436  data: 2.7868  max mem: 0
Epoch: [74]  [151/152]  eta: 0:00:03  lr: 0.001000  loss: 145.5341 (145.5154)  time: 3.2461  data: 2.2977  max mem: 0
Epoch: [74] Total time: 0:09:11 (3.6300 s / it)
  [  0/171]  eta: 0:01:12    time: 0.4212  data: 0.3743  max mem: 0
  [ 80/171]  eta: 0:00:43    time: 0.5038  data: 0.4569  max mem: 0
  [160/171]  eta: 0:00:05    time: 0.4757  data: 0.4289  max mem: 0
  [170/171]  eta: 0:00:00    time: 0.5002  data: 0.4533  max mem: 0
 Total time: 0:01:20 (0.4715 s / it)
tensor(2.9644, device='cuda:1', dtype=torch.float64)
Epoch: [75]  [  0/152]  eta: 0:08:16  lr: 0.001000  loss: 145.5640 (145.5640)  time: 3.2660  data: 2.3101  max mem: 0
Epoch: [75]  [100/152]  eta: 0:02:55  lr: 0.001000  loss: 145.4648 (145.5005)  time: 3.4565  data: 2.5002  max mem: 0
Epoch: [75]  [151/152]  eta: 0:00:03  lr: 0.001000  loss: 145.5154 (145.5063)  time: 2.8936  data: 1.9452  max mem: 0
Epoch: [75] Total time: 0:08:11 (3.2358 s / it)
  [  0/171]  eta: 0:01:03    time: 0.3719  data: 0.3250  max mem: 0
  [ 80/171]  eta: 0:00:38    time: 0.4502  data: 0.4034  max mem: 0
  [160/171]  eta: 0:00:04    time: 0.4245  data: 0.3776  max mem: 0
  [170/171]  eta: 0:00:00    time: 0.4490  data: 0.4022  max mem: 0
 Total time: 0:01:11 (0.4185 s / it)
tensor(3.0446, device='cuda:1', dtype=torch.float64)
Epoch: [76]  [  0/152]  eta: 0:08:10  lr: 0.001000  loss: 145.5621 (145.5621)  time: 3.2278  data: 2.2699  max mem: 0
Epoch: [76]  [100/152]  eta: 0:03:11  lr: 0.001000  loss: 145.4550 (145.4978)  time: 3.6895  data: 2.7336  max mem: 0
Epoch: [76]  [151/152]  eta: 0:00:03  lr: 0.001000  loss: 145.5103 (145.4990)  time: 3.2566  data: 2.3084  max mem: 0
Epoch: [76] Total time: 0:09:00 (3.5580 s / it)
  [  0/171]  eta: 0:01:13    time: 0.4279  data: 0.3810  max mem: 0
  [ 80/171]  eta: 0:00:43    time: 0.5054  data: 0.4585  max mem: 0
  [160/171]  eta: 0:00:05    time: 0.4795  data: 0.4327  max mem: 0
  [170/171]  eta: 0:00:00    time: 0.5025  data: 0.4557  max mem: 0
 Total time: 0:01:20 (0.4736 s / it)
tensor(2.9031, device='cuda:1', dtype=torch.float64)
Epoch: [77]  [  0/152]  eta: 0:08:08  lr: 0.001000  loss: 145.5574 (145.5574)  time: 3.2105  data: 2.2541  max mem: 0
Epoch: [77]  [100/152]  eta: 0:02:56  lr: 0.001000  loss: 145.4881 (145.5011)  time: 3.3840  data: 2.4285  max mem: 0
Epoch: [77]  [151/152]  eta: 0:00:03  lr: 0.001000  loss: 145.4991 (145.4973)  time: 3.0228  data: 2.0753  max mem: 0
Epoch: [77] Total time: 0:08:20 (3.2901 s / it)
  [  0/171]  eta: 0:01:04    time: 0.3744  data: 0.3274  max mem: 0
  [ 80/171]  eta: 0:00:38    time: 0.4575  data: 0.4103  max mem: 0
  [160/171]  eta: 0:00:04    time: 0.4284  data: 0.3816  max mem: 0
  [170/171]  eta: 0:00:00    time: 0.4578  data: 0.4105  max mem: 0
 Total time: 0:01:12 (0.4227 s / it)
tensor(2.6373, device='cuda:1', dtype=torch.float64)
Epoch: [78]  [  0/152]  eta: 0:07:19  lr: 0.001000  loss: 145.5184 (145.5184)  time: 2.8937  data: 1.9385  max mem: 0
Epoch: [78]  [100/152]  eta: 0:02:56  lr: 0.001000  loss: 145.4801 (145.5047)  time: 3.4510  data: 2.4954  max mem: 0
Epoch: [78]  [151/152]  eta: 0:00:03  lr: 0.001000  loss: 145.4558 (145.4998)  time: 2.9132  data: 1.9653  max mem: 0
Epoch: [78] Total time: 0:08:20 (3.2908 s / it)
  [  0/171]  eta: 0:01:01    time: 0.3623  data: 0.3153  max mem: 0
  [ 80/171]  eta: 0:00:37    time: 0.4444  data: 0.3976  max mem: 0
  [160/171]  eta: 0:00:04    time: 0.4161  data: 0.3693  max mem: 0
  [170/171]  eta: 0:00:00    time: 0.4438  data: 0.3967  max mem: 0
 Total time: 0:01:10 (0.4113 s / it)
tensor(2.7034, device='cuda:1', dtype=torch.float64)
Epoch: [79]  [  0/152]  eta: 0:08:00  lr: 0.001000  loss: 145.4748 (145.4748)  time: 3.1634  data: 2.2081  max mem: 0
Epoch: [79]  [100/152]  eta: 0:03:11  lr: 0.001000  loss: 145.4763 (145.5061)  time: 3.6958  data: 2.7401  max mem: 0
Epoch: [79]  [151/152]  eta: 0:00:03  lr: 0.001000  loss: 145.4591 (145.5014)  time: 3.1464  data: 2.1991  max mem: 0
Epoch: [79] Total time: 0:08:56 (3.5300 s / it)
  [  0/171]  eta: 0:01:10    time: 0.4145  data: 0.3675  max mem: 0
  [ 80/171]  eta: 0:00:42    time: 0.4947  data: 0.4478  max mem: 0
  [160/171]  eta: 0:00:05    time: 0.4668  data: 0.4200  max mem: 0
  [170/171]  eta: 0:00:00    time: 0.4926  data: 0.4458  max mem: 0
 Total time: 0:01:19 (0.4635 s / it)
tensor(2.8398, device='cuda:1', dtype=torch.float64)
Epoch: [80]  [  0/152]  eta: 0:08:13  lr: 0.001000  loss: 145.4909 (145.4909)  time: 3.2483  data: 2.2925  max mem: 0
Epoch: [80]  [100/152]  eta: 0:02:55  lr: 0.001000  loss: 145.4857 (145.4955)  time: 3.3707  data: 2.4153  max mem: 0
Epoch: [80]  [151/152]  eta: 0:00:03  lr: 0.001000  loss: 145.4623 (145.4970)  time: 2.9236  data: 1.9765  max mem: 0
Epoch: [80] Total time: 0:08:13 (3.2478 s / it)
  [  0/171]  eta: 0:01:03    time: 0.3742  data: 0.3273  max mem: 0
  [ 80/171]  eta: 0:00:38    time: 0.4521  data: 0.4053  max mem: 0
  [160/171]  eta: 0:00:04    time: 0.4268  data: 0.3800  max mem: 0
  [170/171]  eta: 0:00:00    time: 0.4505  data: 0.4037  max mem: 0
 Total time: 0:01:11 (0.4198 s / it)
tensor(2.9593, device='cuda:1', dtype=torch.float64)
Epoch: [81]  [  0/152]  eta: 0:07:21  lr: 0.001000  loss: 145.4874 (145.4874)  time: 2.9064  data: 1.9512  max mem: 0
Epoch: [81]  [100/152]  eta: 0:02:54  lr: 0.001000  loss: 145.4821 (145.4903)  time: 3.3396  data: 2.3843  max mem: 0
Epoch: [81]  [151/152]  eta: 0:00:03  lr: 0.001000  loss: 145.4642 (145.4928)  time: 2.8940  data: 1.9467  max mem: 0
Epoch: [81] Total time: 0:08:10 (3.2292 s / it)
  [  0/171]  eta: 0:01:02    time: 0.3666  data: 0.3197  max mem: 0
  [ 80/171]  eta: 0:00:37    time: 0.4396  data: 0.3928  max mem: 0
  [160/171]  eta: 0:00:04    time: 0.4150  data: 0.3683  max mem: 0
  [170/171]  eta: 0:00:00    time: 0.4385  data: 0.3917  max mem: 0
 Total time: 0:01:10 (0.4109 s / it)
tensor(2.9705, device='cuda:1', dtype=torch.float64)
Epoch: [82]  [  0/152]  eta: 0:08:12  lr: 0.001000  loss: 145.5010 (145.5010)  time: 3.2424  data: 2.2864  max mem: 0
Epoch: [82]  [100/152]  eta: 0:03:14  lr: 0.001000  loss: 145.4658 (145.4869)  time: 3.6964  data: 2.7408  max mem: 0
Epoch: [82]  [151/152]  eta: 0:00:03  lr: 0.001000  loss: 145.4617 (145.4905)  time: 3.2291  data: 2.2818  max mem: 0
Epoch: [82] Total time: 0:09:05 (3.5863 s / it)
  [  0/171]  eta: 0:01:12    time: 0.4216  data: 0.3748  max mem: 0
  [ 80/171]  eta: 0:00:42    time: 0.5020  data: 0.4552  max mem: 0
  [160/171]  eta: 0:00:05    time: 0.4774  data: 0.4306  max mem: 0
  [170/171]  eta: 0:00:00    time: 0.5026  data: 0.4558  max mem: 0
 Total time: 0:01:20 (0.4710 s / it)
tensor(2.7730, device='cuda:1', dtype=torch.float64)
Epoch: [83]  [  0/152]  eta: 0:08:09  lr: 0.001000  loss: 145.4912 (145.4912)  time: 3.2179  data: 2.2619  max mem: 0
Epoch: [83]  [100/152]  eta: 0:02:55  lr: 0.001000  loss: 145.4652 (145.4850)  time: 3.3825  data: 2.4268  max mem: 0
Epoch: [83]  [151/152]  eta: 0:00:03  lr: 0.001000  loss: 145.4502 (145.4854)  time: 3.0898  data: 2.1419  max mem: 0
Epoch: [83] Total time: 0:08:17 (3.2717 s / it)
  [  0/171]  eta: 0:01:22    time: 0.4815  data: 0.4345  max mem: 0
  [ 80/171]  eta: 0:00:38    time: 0.4533  data: 0.4065  max mem: 0
  [160/171]  eta: 0:00:04    time: 0.4649  data: 0.4170  max mem: 0
  [170/171]  eta: 0:00:00    time: 0.5272  data: 0.4788  max mem: 0
 Total time: 0:01:15 (0.4399 s / it)
tensor(2.6631, device='cuda:1', dtype=torch.float64)
Epoch: [84]  [  0/152]  eta: 0:07:27  lr: 0.001000  loss: 145.4801 (145.4801)  time: 2.9463  data: 1.9906  max mem: 0
Epoch: [84]  [100/152]  eta: 0:03:02  lr: 0.001000  loss: 145.4728 (145.4804)  time: 3.4480  data: 2.4925  max mem: 0
Epoch: [84]  [151/152]  eta: 0:00:03  lr: 0.001000  loss: 145.4501 (145.4837)  time: 3.0230  data: 2.0754  max mem: 0
Epoch: [84] Total time: 0:08:33 (3.3759 s / it)
  [  0/171]  eta: 0:01:02    time: 0.3657  data: 0.3188  max mem: 0
  [ 80/171]  eta: 0:00:38    time: 0.4455  data: 0.3987  max mem: 0
  [160/171]  eta: 0:00:04    time: 0.4183  data: 0.3715  max mem: 0
  [170/171]  eta: 0:00:00    time: 0.4438  data: 0.3970  max mem: 0
 Total time: 0:01:10 (0.4141 s / it)
tensor(2.7774, device='cuda:1', dtype=torch.float64)
Epoch: [85]  [  0/152]  eta: 0:08:08  lr: 0.001000  loss: 145.4707 (145.4707)  time: 3.2126  data: 2.2561  max mem: 0
Epoch: [85]  [100/152]  eta: 0:03:10  lr: 0.001000  loss: 145.4607 (145.4769)  time: 3.6624  data: 2.7072  max mem: 0
Epoch: [85]  [151/152]  eta: 0:00:03  lr: 0.001000  loss: 145.4566 (145.4768)  time: 3.1971  data: 2.2498  max mem: 0
Epoch: [85] Total time: 0:08:56 (3.5290 s / it)
  [  0/171]  eta: 0:01:12    time: 0.4238  data: 0.3769  max mem: 0
  [ 80/171]  eta: 0:00:42    time: 0.5009  data: 0.4540  max mem: 0
  [160/171]  eta: 0:00:05    time: 0.4752  data: 0.4284  max mem: 0
  [170/171]  eta: 0:00:00    time: 0.5019  data: 0.4550  max mem: 0
 Total time: 0:01:20 (0.4695 s / it)
tensor(2.9550, device='cuda:1', dtype=torch.float64)
Epoch: [86]  [  0/152]  eta: 0:08:08  lr: 0.001000  loss: 145.4651 (145.4651)  time: 3.2157  data: 2.2600  max mem: 0
Epoch: [86]  [100/152]  eta: 0:02:57  lr: 0.001000  loss: 145.4471 (145.4732)  time: 3.4488  data: 2.4934  max mem: 0
Epoch: [86]  [151/152]  eta: 0:00:03  lr: 0.001000  loss: 145.4447 (145.4717)  time: 3.0969  data: 2.1488  max mem: 0
Epoch: [86] Total time: 0:08:23 (3.3103 s / it)
  [  0/171]  eta: 0:01:04    time: 0.3784  data: 0.3316  max mem: 0
  [ 80/171]  eta: 0:00:40    time: 0.4584  data: 0.4116  max mem: 0
  [160/171]  eta: 0:00:04    time: 0.4287  data: 0.3819  max mem: 0
  [170/171]  eta: 0:00:00    time: 0.4530  data: 0.4062  max mem: 0
 Total time: 0:01:13 (0.4309 s / it)
tensor(2.9486, device='cuda:1', dtype=torch.float64)
Epoch: [87]  [  0/152]  eta: 0:07:20  lr: 0.001000  loss: 145.4823 (145.4823)  time: 2.8983  data: 1.9426  max mem: 0
Epoch: [87]  [100/152]  eta: 0:02:57  lr: 0.001000  loss: 145.4535 (145.4757)  time: 3.4837  data: 2.5271  max mem: 0
Epoch: [87]  [151/152]  eta: 0:00:03  lr: 0.001000  loss: 145.4382 (145.4725)  time: 2.9843  data: 2.0358  max mem: 0
Epoch: [87] Total time: 0:08:18 (3.2814 s / it)
  [  0/171]  eta: 0:01:02    time: 0.3655  data: 0.3186  max mem: 0
  [ 80/171]  eta: 0:00:38    time: 0.4422  data: 0.3953  max mem: 0
  [160/171]  eta: 0:00:04    time: 0.4197  data: 0.3729  max mem: 0
  [170/171]  eta: 0:00:00    time: 0.4457  data: 0.3988  max mem: 0
 Total time: 0:01:11 (0.4177 s / it)
tensor(2.9047, device='cuda:1', dtype=torch.float64)
Epoch: [88]  [  0/152]  eta: 0:08:16  lr: 0.001000  loss: 145.4716 (145.4716)  time: 3.2668  data: 2.3123  max mem: 0
Epoch: [88]  [100/152]  eta: 0:03:13  lr: 0.001000  loss: 145.4528 (145.4731)  time: 3.7017  data: 2.7464  max mem: 0
Epoch: [88]  [151/152]  eta: 0:00:03  lr: 0.001000  loss: 145.4427 (145.4710)  time: 3.2320  data: 2.2849  max mem: 0
Epoch: [88] Total time: 0:09:05 (3.5877 s / it)
  [  0/171]  eta: 0:01:11    time: 0.4208  data: 0.3739  max mem: 0
  [ 80/171]  eta: 0:00:43    time: 0.5086  data: 0.4618  max mem: 0
  [160/171]  eta: 0:00:05    time: 0.4830  data: 0.4362  max mem: 0
  [170/171]  eta: 0:00:00    time: 0.5066  data: 0.4597  max mem: 0
 Total time: 0:01:20 (0.4731 s / it)
tensor(2.8554, device='cuda:1', dtype=torch.float64)
Epoch: [89]  [  0/152]  eta: 0:08:13  lr: 0.001000  loss: 145.4605 (145.4605)  time: 3.2476  data: 2.2928  max mem: 0
Epoch: [89]  [100/152]  eta: 0:03:01  lr: 0.001000  loss: 145.4606 (145.4655)  time: 3.5880  data: 2.6326  max mem: 0
Epoch: [89]  [151/152]  eta: 0:00:03  lr: 0.001000  loss: 145.4440 (145.4670)  time: 3.0501  data: 2.1025  max mem: 0
Epoch: [89] Total time: 0:08:29 (3.3528 s / it)
  [  0/171]  eta: 0:01:03    time: 0.3711  data: 0.3242  max mem: 0
  [ 80/171]  eta: 0:00:39    time: 0.4558  data: 0.4089  max mem: 0
  [160/171]  eta: 0:00:04    time: 0.4323  data: 0.3855  max mem: 0
  [170/171]  eta: 0:00:00    time: 0.4557  data: 0.4089  max mem: 0
 Total time: 0:01:13 (0.4291 s / it)
tensor(2.9369, device='cuda:1', dtype=torch.float64)
Epoch: [90]  [  0/152]  eta: 0:07:43  lr: 0.001000  loss: 145.4684 (145.4684)  time: 3.0507  data: 2.0940  max mem: 0
Epoch: [90]  [100/152]  eta: 0:02:58  lr: 0.001000  loss: 145.4395 (145.4594)  time: 3.4667  data: 2.5108  max mem: 0
Epoch: [90]  [151/152]  eta: 0:00:03  lr: 0.001000  loss: 145.4510 (145.4619)  time: 3.0353  data: 2.0877  max mem: 0
Epoch: [90] Total time: 0:08:24 (3.3203 s / it)
  [  0/171]  eta: 0:01:05    time: 0.3852  data: 0.3383  max mem: 0
  [ 80/171]  eta: 0:00:37    time: 0.4468  data: 0.4000  max mem: 0
  [160/171]  eta: 0:00:04    time: 0.4218  data: 0.3750  max mem: 0
  [170/171]  eta: 0:00:00    time: 0.4472  data: 0.4004  max mem: 0
 Total time: 0:01:11 (0.4165 s / it)
tensor(2.9982, device='cuda:1', dtype=torch.float64)
Epoch: [91]  [  0/152]  eta: 0:08:31  lr: 0.001000  loss: 145.4709 (145.4709)  time: 3.3643  data: 2.4086  max mem: 0
Epoch: [91]  [100/152]  eta: 0:03:10  lr: 0.001000  loss: 145.4413 (145.4547)  time: 3.6046  data: 2.6493  max mem: 0
Epoch: [91]  [151/152]  eta: 0:00:03  lr: 0.001000  loss: 145.4429 (145.4576)  time: 3.1869  data: 2.2397  max mem: 0
Epoch: [91] Total time: 0:08:54 (3.5162 s / it)
  [  0/171]  eta: 0:01:10    time: 0.4136  data: 0.3667  max mem: 0
  [ 80/171]  eta: 0:00:42    time: 0.4996  data: 0.4528  max mem: 0
  [160/171]  eta: 0:00:05    time: 0.4731  data: 0.4263  max mem: 0
  [170/171]  eta: 0:00:00    time: 0.4962  data: 0.4494  max mem: 0
 Total time: 0:01:19 (0.4634 s / it)
tensor(2.8338, device='cuda:1', dtype=torch.float64)
Epoch: [92]  [  0/152]  eta: 0:07:54  lr: 0.001000  loss: 145.4517 (145.4517)  time: 3.1188  data: 2.1635  max mem: 0
Epoch: [92]  [100/152]  eta: 0:03:05  lr: 0.001000  loss: 145.4389 (145.4571)  time: 3.5630  data: 2.6075  max mem: 0
Epoch: [92]  [151/152]  eta: 0:00:03  lr: 0.001000  loss: 145.4383 (145.4601)  time: 3.0092  data: 2.0612  max mem: 0
Epoch: [92] Total time: 0:08:40 (3.4244 s / it)
  [  0/171]  eta: 0:01:06    time: 0.3877  data: 0.3407  max mem: 0
  [ 80/171]  eta: 0:00:42    time: 0.4915  data: 0.4447  max mem: 0
  [160/171]  eta: 0:00:04    time: 0.4298  data: 0.3830  max mem: 0
  [170/171]  eta: 0:00:00    time: 0.4527  data: 0.4059  max mem: 0
 Total time: 0:01:16 (0.4494 s / it)
tensor(2.8181, device='cuda:1', dtype=torch.float64)
Epoch: [93]  [  0/152]  eta: 0:08:12  lr: 0.001000  loss: 145.4585 (145.4585)  time: 3.2434  data: 2.2867  max mem: 0
Epoch: [93]  [100/152]  eta: 0:03:11  lr: 0.001000  loss: 145.4366 (145.4586)  time: 3.6469  data: 2.6916  max mem: 0
Epoch: [93]  [151/152]  eta: 0:00:03  lr: 0.001000  loss: 145.4405 (145.4624)  time: 3.1904  data: 2.2432  max mem: 0
Epoch: [93] Total time: 0:08:56 (3.5326 s / it)
  [  0/171]  eta: 0:01:12    time: 0.4246  data: 0.3778  max mem: 0
  [ 80/171]  eta: 0:00:42    time: 0.4939  data: 0.4471  max mem: 0
  [160/171]  eta: 0:00:05    time: 0.4793  data: 0.4321  max mem: 0
  [170/171]  eta: 0:00:00    time: 0.5028  data: 0.4556  max mem: 0
 Total time: 0:01:20 (0.4682 s / it)
tensor(3.0223, device='cuda:1', dtype=torch.float64)
Epoch: [94]  [  0/152]  eta: 0:08:09  lr: 0.001000  loss: 145.4619 (145.4619)  time: 3.2217  data: 2.2636  max mem: 0
Epoch: [94]  [100/152]  eta: 0:02:57  lr: 0.001000  loss: 145.4382 (145.4603)  time: 3.3812  data: 2.4260  max mem: 0
Epoch: [94]  [151/152]  eta: 0:00:03  lr: 0.001000  loss: 145.4475 (145.4623)  time: 3.0694  data: 2.1212  max mem: 0
Epoch: [94] Total time: 0:08:22 (3.3069 s / it)
  [  0/171]  eta: 0:01:03    time: 0.3727  data: 0.3257  max mem: 0
  [ 80/171]  eta: 0:00:39    time: 0.4650  data: 0.4175  max mem: 0
  [160/171]  eta: 0:00:04    time: 0.4244  data: 0.3776  max mem: 0
  [170/171]  eta: 0:00:00    time: 0.4482  data: 0.4014  max mem: 0
 Total time: 0:01:13 (0.4322 s / it)
tensor(3.1890, device='cuda:1', dtype=torch.float64)
Epoch: [95]  [  0/152]  eta: 0:07:13  lr: 0.001000  loss: 145.4701 (145.4701)  time: 2.8526  data: 1.8972  max mem: 0
Epoch: [95]  [100/152]  eta: 0:02:55  lr: 0.001000  loss: 145.4334 (145.4629)  time: 3.3722  data: 2.4164  max mem: 0
Epoch: [95]  [151/152]  eta: 0:00:03  lr: 0.001000  loss: 145.4458 (145.4623)  time: 2.8649  data: 1.9176  max mem: 0
Epoch: [95] Total time: 0:08:11 (3.2304 s / it)
  [  0/171]  eta: 0:01:03    time: 0.3700  data: 0.3231  max mem: 0
  [ 80/171]  eta: 0:00:37    time: 0.4412  data: 0.3944  max mem: 0
  [160/171]  eta: 0:00:04    time: 0.4194  data: 0.3725  max mem: 0
  [170/171]  eta: 0:00:00    time: 0.4471  data: 0.4003  max mem: 0
 Total time: 0:01:10 (0.4120 s / it)
tensor(2.9807, device='cuda:1', dtype=torch.float64)
Epoch: [96]  [  0/152]  eta: 0:08:24  lr: 0.001000  loss: 145.4604 (145.4604)  time: 3.3176  data: 2.3623  max mem: 0
Epoch: [96]  [100/152]  eta: 0:03:15  lr: 0.001000  loss: 145.4426 (145.4648)  time: 3.7140  data: 2.7586  max mem: 0
Epoch: [96]  [151/152]  eta: 0:00:03  lr: 0.001000  loss: 145.4449 (145.4628)  time: 3.2676  data: 2.3202  max mem: 0
Epoch: [96] Total time: 0:09:10 (3.6186 s / it)
  [  0/171]  eta: 0:01:12    time: 0.4264  data: 0.3794  max mem: 0
  [ 80/171]  eta: 0:00:43    time: 0.5087  data: 0.4619  max mem: 0
  [160/171]  eta: 0:00:05    time: 0.4826  data: 0.4357  max mem: 0
  [170/171]  eta: 0:00:00    time: 0.5059  data: 0.4591  max mem: 0
 Total time: 0:01:20 (0.4735 s / it)
tensor(2.8920, device='cuda:1', dtype=torch.float64)
Epoch: [97]  [  0/152]  eta: 0:08:13  lr: 0.001000  loss: 145.4650 (145.4650)  time: 3.2481  data: 2.2920  max mem: 0
Epoch: [97]  [100/152]  eta: 0:02:56  lr: 0.001000  loss: 145.4433 (145.4642)  time: 3.3833  data: 2.4278  max mem: 0
Epoch: [97]  [151/152]  eta: 0:00:03  lr: 0.001000  loss: 145.4427 (145.4615)  time: 3.0750  data: 2.1273  max mem: 0
Epoch: [97] Total time: 0:08:18 (3.2795 s / it)
  [  0/171]  eta: 0:01:05    time: 0.3823  data: 0.3354  max mem: 0
  [ 80/171]  eta: 0:00:38    time: 0.4592  data: 0.4124  max mem: 0
  [160/171]  eta: 0:00:04    time: 0.4330  data: 0.3862  max mem: 0
  [170/171]  eta: 0:00:00    time: 0.4567  data: 0.4099  max mem: 0
 Total time: 0:01:12 (0.4260 s / it)
tensor(3.0554, device='cuda:1', dtype=torch.float64)
Epoch: [98]  [  0/152]  eta: 0:07:19  lr: 0.001000  loss: 145.4556 (145.4556)  time: 2.8928  data: 1.9378  max mem: 0
Epoch: [98]  [100/152]  eta: 0:02:57  lr: 0.001000  loss: 145.4544 (145.4630)  time: 3.5200  data: 2.5645  max mem: 0
Epoch: [98]  [151/152]  eta: 0:00:03  lr: 0.001000  loss: 145.4411 (145.4624)  time: 2.9649  data: 2.0177  max mem: 0
Epoch: [98] Total time: 0:08:19 (3.2882 s / it)
  [  0/171]  eta: 0:01:03    time: 0.3693  data: 0.3224  max mem: 0
  [ 80/171]  eta: 0:00:38    time: 0.4648  data: 0.4179  max mem: 0
  [160/171]  eta: 0:00:04    time: 0.4574  data: 0.4099  max mem: 0
  [170/171]  eta: 0:00:00    time: 0.4565  data: 0.4097  max mem: 0
 Total time: 0:01:12 (0.4227 s / it)
tensor(3.0552, device='cuda:1', dtype=torch.float64)
Epoch: [99]  [  0/152]  eta: 0:09:10  lr: 0.001000  loss: 145.4474 (145.4474)  time: 3.6197  data: 2.6644  max mem: 0
Epoch: [99]  [100/152]  eta: 0:03:18  lr: 0.001000  loss: 145.4544 (145.4589)  time: 3.7332  data: 2.7781  max mem: 0
Epoch: [99]  [151/152]  eta: 0:00:03  lr: 0.001000  loss: 145.4490 (145.4629)  time: 3.2833  data: 2.3360  max mem: 0
Epoch: [99] Total time: 0:09:15 (3.6557 s / it)
  [  0/171]  eta: 0:01:14    time: 0.4329  data: 0.3858  max mem: 0
  [ 80/171]  eta: 0:00:43    time: 0.5094  data: 0.4625  max mem: 0
  [160/171]  eta: 0:00:05    time: 0.4858  data: 0.4390  max mem: 0
  [170/171]  eta: 0:00:00    time: 0.5103  data: 0.4635  max mem: 0
 Total time: 0:01:21 (0.4781 s / it)
tensor(2.8932, device='cuda:1', dtype=torch.float64)
Epoch: [100]  [  0/152]  eta: 0:08:18  lr: 0.001000  loss: 145.4575 (145.4575)  time: 3.2782  data: 2.3227  max mem: 0
Epoch: [100]  [100/152]  eta: 0:02:56  lr: 0.001000  loss: 145.4382 (145.4565)  time: 3.3994  data: 2.4439  max mem: 0
Epoch: [100]  [151/152]  eta: 0:00:03  lr: 0.001000  loss: 145.4535 (145.4614)  time: 2.9458  data: 1.9983  max mem: 0
Epoch: [100] Total time: 0:08:16 (3.2678 s / it)
  [  0/171]  eta: 0:01:04    time: 0.3769  data: 0.3300  max mem: 0
  [ 80/171]  eta: 0:00:38    time: 0.4539  data: 0.4071  max mem: 0
  [160/171]  eta: 0:00:04    time: 0.4280  data: 0.3812  max mem: 0
  [170/171]  eta: 0:00:00    time: 0.4521  data: 0.4053  max mem: 0
 Total time: 0:01:12 (0.4226 s / it)
tensor(2.8778, device='cuda:1', dtype=torch.float64)
Epoch: [101]  [  0/152]  eta: 0:07:25  lr: 0.001000  loss: 145.4602 (145.4602)  time: 2.9323  data: 1.9772  max mem: 0
Epoch: [101]  [100/152]  eta: 0:02:55  lr: 0.001000  loss: 145.4323 (145.4549)  time: 3.3721  data: 2.4171  max mem: 0
Epoch: [101]  [151/152]  eta: 0:00:03  lr: 0.001000  loss: 145.4400 (145.4596)  time: 2.9379  data: 1.9907  max mem: 0
Epoch: [101] Total time: 0:08:13 (3.2472 s / it)
  [  0/171]  eta: 0:01:04    time: 0.3770  data: 0.3302  max mem: 0
  [ 80/171]  eta: 0:00:38    time: 0.4538  data: 0.4070  max mem: 0
  [160/171]  eta: 0:00:04    time: 0.4285  data: 0.3816  max mem: 0
  [170/171]  eta: 0:00:00    time: 0.4523  data: 0.4055  max mem: 0
 Total time: 0:01:12 (0.4218 s / it)
tensor(2.8692, device='cuda:1', dtype=torch.float64)
Epoch: [102]  [  0/152]  eta: 0:08:14  lr: 0.001000  loss: 145.4543 (145.4543)  time: 3.2539  data: 2.2993  max mem: 0
Epoch: [102]  [100/152]  eta: 0:03:10  lr: 0.001000  loss: 145.4360 (145.4568)  time: 3.6502  data: 2.6952  max mem: 0
Epoch: [102]  [151/152]  eta: 0:00:03  lr: 0.001000  loss: 145.4424 (145.4584)  time: 3.2680  data: 2.3209  max mem: 0
Epoch: [102] Total time: 0:08:57 (3.5385 s / it)
  [  0/171]  eta: 0:01:11    time: 0.4163  data: 0.3693  max mem: 0
  [ 80/171]  eta: 0:00:42    time: 0.4938  data: 0.4470  max mem: 0
  [160/171]  eta: 0:00:05    time: 0.4710  data: 0.4242  max mem: 0
  [170/171]  eta: 0:00:00    time: 0.4945  data: 0.4477  max mem: 0
 Total time: 0:01:18 (0.4617 s / it)
tensor(3.1291, device='cuda:1', dtype=torch.float64)
Epoch: [103]  [  0/152]  eta: 0:08:20  lr: 0.001000  loss: 145.4622 (145.4622)  time: 3.2955  data: 2.3408  max mem: 0
Epoch: [103]  [100/152]  eta: 0:02:53  lr: 0.001000  loss: 145.4271 (145.4555)  time: 3.3353  data: 2.3802  max mem: 0
Epoch: [103]  [151/152]  eta: 0:00:03  lr: 0.001000  loss: 145.4291 (145.4533)  time: 2.8750  data: 1.9281  max mem: 0
Epoch: [103] Total time: 0:08:07 (3.2041 s / it)
  [  0/171]  eta: 0:01:03    time: 0.3687  data: 0.3218  max mem: 0
  [ 80/171]  eta: 0:00:37    time: 0.4445  data: 0.3977  max mem: 0
  [160/171]  eta: 0:00:04    time: 0.4185  data: 0.3717  max mem: 0
  [170/171]  eta: 0:00:00    time: 0.4427  data: 0.3960  max mem: 0
 Total time: 0:01:10 (0.4123 s / it)
tensor(3.1384, device='cuda:1', dtype=torch.float64)
Epoch: [104]  [  0/152]  eta: 0:07:18  lr: 0.001000  loss: 145.4486 (145.4486)  time: 2.8840  data: 1.9292  max mem: 0
Epoch: [104]  [100/152]  eta: 0:02:53  lr: 0.001000  loss: 145.4412 (145.4552)  time: 3.3272  data: 2.3719  max mem: 0
Epoch: [104]  [151/152]  eta: 0:00:03  lr: 0.001000  loss: 145.4344 (145.4517)  time: 2.8748  data: 1.9275  max mem: 0
Epoch: [104] Total time: 0:08:07 (3.2049 s / it)
  [  0/171]  eta: 0:01:02    time: 0.3678  data: 0.3208  max mem: 0
  [ 80/171]  eta: 0:00:37    time: 0.4432  data: 0.3964  max mem: 0
  [160/171]  eta: 0:00:04    time: 0.4169  data: 0.3701  max mem: 0
  [170/171]  eta: 0:00:00    time: 0.4410  data: 0.3943  max mem: 0
 Total time: 0:01:10 (0.4116 s / it)
tensor(3.0186, device='cuda:1', dtype=torch.float64)
Epoch: [105]  [  0/152]  eta: 0:08:09  lr: 0.001000  loss: 145.4411 (145.4411)  time: 3.2224  data: 2.2676  max mem: 0
Epoch: [105]  [100/152]  eta: 0:03:11  lr: 0.001000  loss: 145.4277 (145.4506)  time: 3.6416  data: 2.6865  max mem: 0
Epoch: [105]  [151/152]  eta: 0:00:03  lr: 0.001000  loss: 145.4226 (145.4507)  time: 3.2208  data: 2.2736  max mem: 0
Epoch: [105] Total time: 0:08:58 (3.5404 s / it)
  [  0/171]  eta: 0:01:11    time: 0.4200  data: 0.3731  max mem: 0
  [ 80/171]  eta: 0:00:42    time: 0.4935  data: 0.4467  max mem: 0
  [160/171]  eta: 0:00:05    time: 0.4664  data: 0.4196  max mem: 0
  [170/171]  eta: 0:00:00    time: 0.4888  data: 0.4420  max mem: 0
 Total time: 0:01:19 (0.4632 s / it)
tensor(2.9994, device='cuda:1', dtype=torch.float64)
Epoch: [106]  [  0/152]  eta: 0:07:55  lr: 0.001000  loss: 145.4329 (145.4329)  time: 3.1256  data: 2.1702  max mem: 0
Epoch: [106]  [100/152]  eta: 0:03:05  lr: 0.001000  loss: 145.4352 (145.4479)  time: 3.5709  data: 2.6157  max mem: 0
Epoch: [106]  [151/152]  eta: 0:00:03  lr: 0.001000  loss: 145.4233 (145.4485)  time: 3.1035  data: 2.1565  max mem: 0
Epoch: [106] Total time: 0:08:42 (3.4357 s / it)
  [  0/171]  eta: 0:01:08    time: 0.4015  data: 0.3546  max mem: 0
  [ 80/171]  eta: 0:00:40    time: 0.4808  data: 0.4340  max mem: 0
  [160/171]  eta: 0:00:04    time: 0.4560  data: 0.4092  max mem: 0
  [170/171]  eta: 0:00:00    time: 0.4820  data: 0.4352  max mem: 0
 Total time: 0:01:16 (0.4487 s / it)
tensor(3.0893, device='cuda:1', dtype=torch.float64)
Epoch: [107]  [  0/152]  eta: 0:07:53  lr: 0.001000  loss: 145.4345 (145.4345)  time: 3.1161  data: 2.1615  max mem: 0
Epoch: [107]  [100/152]  eta: 0:02:53  lr: 0.001000  loss: 145.4406 (145.4452)  time: 3.3967  data: 2.4409  max mem: 0
Epoch: [107]  [151/152]  eta: 0:00:03  lr: 0.001000  loss: 145.4314 (145.4479)  time: 2.8676  data: 1.9205  max mem: 0
Epoch: [107] Total time: 0:08:07 (3.2050 s / it)
  [  0/171]  eta: 0:01:02    time: 0.3684  data: 0.3214  max mem: 0
  [ 80/171]  eta: 0:00:37    time: 0.4442  data: 0.3974  max mem: 0
  [160/171]  eta: 0:00:04    time: 0.4195  data: 0.3727  max mem: 0
  [170/171]  eta: 0:00:00    time: 0.4445  data: 0.3977  max mem: 0
 Total time: 0:01:10 (0.4138 s / it)
tensor(3.0212, device='cuda:1', dtype=torch.float64)
Epoch: [108]  [  0/152]  eta: 0:07:14  lr: 0.001000  loss: 145.4490 (145.4490)  time: 2.8594  data: 1.9045  max mem: 0
Epoch: [108]  [100/152]  eta: 0:02:58  lr: 0.001000  loss: 145.4432 (145.4449)  time: 3.3595  data: 2.4038  max mem: 0
